Component: ARM Compiler 5.06 update 2 (build 183) Tool: armlink [4d35b7]

==============================================================================

Section Cross References

    main.o(i.AD_Scan) refers to gpio_init.o(i.SetAD) for SetAD
    main.o(i.AD_Scan) refers to tft_lcd.o(i.TFT_LCD_ShowADNum) for TFT_LCD_ShowADNum
    main.o(i.AD_Scan) refers to main.o(.data) for ADNumt
    main.o(i.K1_Scan) refers to delay.o(i.delay_ms) for delay_ms
    main.o(i.K1_Scan) refers to stm32f4xx_tim.o(i.TIM_SetCompare4) for TIM_SetCompare4
    main.o(i.K1_Scan) refers to tft_lcd.o(i.TFT_LCD_ShowLaserValue) for TFT_LCD_ShowLaserValue
    main.o(i.K1_Scan) refers to lcd.o(i.LCD_ShowLaser) for LCD_ShowLaser
    main.o(i.K1_Scan) refers to main.o(.data) for K1_Flag
    main.o(i.K2_Scan) refers to delay.o(i.delay_ms) for delay_ms
    main.o(i.K2_Scan) refers to tft_lcd.o(i.TFT_LCD_ShowRedValue) for TFT_LCD_ShowRedValue
    main.o(i.K2_Scan) refers to lcd.o(i.LCD_ShowRed) for LCD_ShowRed
    main.o(i.K2_Scan) refers to main.o(.data) for K2_Flag
    main.o(i.K3_Scan) refers to dac.o(i.sin_Generation2) for sin_Generation2
    main.o(i.K3_Scan) refers to dac.o(i.TIM7_Configuration) for TIM7_Configuration
    main.o(i.K3_Scan) refers to dac.o(i.DAC_DMA_Configuration2) for DAC_DMA_Configuration2
    main.o(i.K3_Scan) refers to lcd.o(i.LCD_ShowMode) for LCD_ShowMode
    main.o(i.K3_Scan) refers to tft_lcd.o(i.TFT_LCD_ShowModeValue) for TFT_LCD_ShowModeValue
    main.o(i.K3_Scan) refers to main.o(.data) for K3_Flag
    main.o(i.Pulse_Scan) refers to delay.o(i.delay_ms) for delay_ms
    main.o(i.Pulse_Scan) refers to bsp_tim_pwm.o(i.bsp_SetTIMOutPWM) for bsp_SetTIMOutPWM
    main.o(i.Pulse_Scan) refers to main.o(.data) for Pulset
    main.o(i.Realys_Scan) refers to delay.o(i.delay_ms) for delay_ms
    main.o(i.Realys_Scan) refers to lcd.o(i.LCD_ShowWarning) for LCD_ShowWarning
    main.o(i.Realys_Scan) refers to main.o(.data) for Relay_Flag
    main.o(i.Sine1_Scan) refers to delay.o(i.delay_ms) for delay_ms
    main.o(i.Sine1_Scan) refers to dac.o(i.sin_Generation1) for sin_Generation1
    main.o(i.Sine1_Scan) refers to dac.o(i.TIM2_Configuration) for TIM2_Configuration
    main.o(i.Sine1_Scan) refers to dac.o(i.DAC_DMA_Configuration1) for DAC_DMA_Configuration1
    main.o(i.Sine1_Scan) refers to stm32f4xx_tim.o(i.TIM_SetCompare4) for TIM_SetCompare4
    main.o(i.Sine1_Scan) refers to tft_lcd.o(i.TFT_LCD_ShowWidthValue) for TFT_LCD_ShowWidthValue
    main.o(i.Sine1_Scan) refers to main.o(.data) for Sine_Amp1t
    main.o(i.Sine2_Scan) refers to delay.o(i.delay_ms) for delay_ms
    main.o(i.Sine2_Scan) refers to dac.o(i.sin_Generation2) for sin_Generation2
    main.o(i.Sine2_Scan) refers to dac.o(i.TIM7_Configuration) for TIM7_Configuration
    main.o(i.Sine2_Scan) refers to dac.o(i.DAC_DMA_Configuration2) for DAC_DMA_Configuration2
    main.o(i.Sine2_Scan) refers to main.o(.data) for Sine_Amp2t
    main.o(i.StartInit) refers to lcd.o(i.LCD_Display) for LCD_Display
    main.o(i.StartInit) refers to at24c02.o(i.AT24C02_ReadOneByte) for AT24C02_ReadOneByte
    main.o(i.StartInit) refers to lcd.o(i.LCD_ShowADNum) for LCD_ShowADNum
    main.o(i.StartInit) refers to tft_lcd.o(i.TFT_LCD_ShowADNum) for TFT_LCD_ShowADNum
    main.o(i.StartInit) refers to gpio_init.o(i.SetAD) for SetAD
    main.o(i.StartInit) refers to bsp_tim_pwm.o(i.bsp_SetTIMOutPWM) for bsp_SetTIMOutPWM
    main.o(i.StartInit) refers to tft_lcd.o(i.TFT_LCD_ShowPulseValue) for TFT_LCD_ShowPulseValue
    main.o(i.StartInit) refers to lcd.o(i.LCD_ShowPulse) for LCD_ShowPulse
    main.o(i.StartInit) refers to lcd.o(i.LCD_ShowSine1) for LCD_ShowSine1
    main.o(i.StartInit) refers to dac.o(i.sin_Generation1) for sin_Generation1
    main.o(i.StartInit) refers to dac.o(i.TIM2_Configuration) for TIM2_Configuration
    main.o(i.StartInit) refers to dac.o(i.DAC_DMA_Configuration1) for DAC_DMA_Configuration1
    main.o(i.StartInit) refers to tft_lcd.o(i.TFT_LCD_ShowWidthValue) for TFT_LCD_ShowWidthValue
    main.o(i.StartInit) refers to lcd.o(i.LCD_ShowSine2) for LCD_ShowSine2
    main.o(i.StartInit) refers to delay.o(i.delay_ms) for delay_ms
    main.o(i.StartInit) refers to stm32f4xx_tim.o(i.TIM_SetCompare4) for TIM_SetCompare4
    main.o(i.StartInit) refers to lcd.o(i.LCD_ShowLaser) for LCD_ShowLaser
    main.o(i.StartInit) refers to tft_lcd.o(i.TFT_LCD_ShowLaserValue) for TFT_LCD_ShowLaserValue
    main.o(i.StartInit) refers to lcd.o(i.LCD_ShowRed) for LCD_ShowRed
    main.o(i.StartInit) refers to tft_lcd.o(i.TFT_LCD_ShowRedValue) for TFT_LCD_ShowRedValue
    main.o(i.StartInit) refers to dac.o(i.sin_Generation2) for sin_Generation2
    main.o(i.StartInit) refers to dac.o(i.TIM7_Configuration) for TIM7_Configuration
    main.o(i.StartInit) refers to dac.o(i.DAC_DMA_Configuration2) for DAC_DMA_Configuration2
    main.o(i.StartInit) refers to tft_lcd.o(i.TFT_LCD_ShowModeValue) for TFT_LCD_ShowModeValue
    main.o(i.StartInit) refers to lcd.o(i.LCD_ShowMode) for LCD_ShowMode
[...]
    HARDWARE\\DAC\\DAC.c                     0x00000000   Number         0  dac.o ABSOLUTE
    HARDWARE\\GPIO_Init\\GPIO_Init.c         0x00000000   Number         0  gpio_init.o ABSOLUTE
    HARDWARE\\LCD\\LCD.c                     0x00000000   Number         0  lcd.o ABSOLUTE
    HARDWARE\\PWM\\bsp_tim_pwm.c             0x00000000   Number         0  bsp_tim_pwm.o ABSOLUTE
    HARDWARE\\TFT_LCD\\TFT_LCD.c             0x00000000   Number         0  tft_lcd.o ABSOLUTE
    SYSTEM\\delay\\delay.c                   0x00000000   Number         0  delay.o ABSOLUTE
    SYSTEM\\sys\\sys.c                       0x00000000   Number         0  sys.o ABSOLUTE
    SYSTEM\delay\delay.c                     0x00000000   Number         0  delay.o ABSOLUTE
    SYSTEM\sys\sys.c                         0x00000000   Number         0  sys.o ABSOLUTE
    USER\\main.c                             0x00000000   Number         0  main.o ABSOLUTE
    USER\\stm32f4xx_it.c                     0x00000000   Number         0  stm32f4xx_it.o ABSOLUTE
    USER\\system_stm32f4xx.c                 0x00000000   Number         0  system_stm32f4xx.o ABSOLUTE
    USER\main.c                              0x00000000   Number         0  main.o ABSOLUTE
    USER\stm32f4xx_it.c                      0x00000000   Number         0  stm32f4xx_it.o ABSOLUTE
    USER\system_stm32f4xx.c                  0x00000000   Number         0  system_stm32f4xx.o ABSOLUTE
    dc.s                                     0x00000000   Number         0  dc.o ABSOLUTE
    RESET                                    0x08000000   Section      392  startup_stm32f40_41xxx.o(RESET)
    !!!main                                  0x08000188   Section        8  __main.o(!!!main)
    !!!scatter                               0x08000190   Section       52  __scatter.o(!!!scatter)
    !!handler_copy                           0x080001c4   Section       26  __scatter_copy.o(!!handler_copy)
    !!handler_zi                             0x080001e0   Section       28  __scatter_zi.o(!!handler_zi)
    .ARM.Collect$$libinit$$00000000          0x080001fc   Section        2  libinit.o(.ARM.Collect$$libinit$$00000000)
    .ARM.Collect$$libinit$$00000001          0x080001fe   Section        4  libinit2.o(.ARM.Collect$$libinit$$00000001)
    .ARM.Collect$$libinit$$00000004          0x08000202   Section        0  libinit2.o(.ARM.Collect$$libinit$$00000004)
    .ARM.Collect$$libinit$$0000000A          0x08000202   Section        0  libinit2.o(.ARM.Collect$$libinit$$0000000A)
    .ARM.Collect$$libinit$$0000000C          0x08000202   Section        0  libinit2.o(.ARM.Collect$$libinit$$0000000C)
    .ARM.Collect$$libinit$$0000000E          0x08000202   Section        0  libinit2.o(.ARM.Collect$$libinit$$0000000E)
    .ARM.Collect$$libinit$$00000011          0x08000202   Section        0  libinit2.o(.ARM.Collect$$libinit$$00000011)
    .ARM.Collect$$libinit$$00000013          0x08000202   Section        0  libinit2.o(.ARM.Collect$$libinit$$00000013)
    .ARM.Collect$$libinit$$00000015          0x08000202   Section        0  libinit2.o(.ARM.Collect$$libinit$$00000015)
    .ARM.Collect$$libinit$$00000017          0x08000202   Section        0  libinit2.o(.ARM.Collect$$libinit$$00000017)
    .ARM.Collect$$libinit$$00000019          0x08000202   Section        0  libinit2.o(.ARM.Collect$$libinit$$00000019)
    .ARM.Collect$$libinit$$0000001B          0x08000202   Section        0  libinit2.o(.ARM.Collect$$libinit$$0000001B)
    .ARM.Collect$$libinit$$0000001D          0x08000202   Section        0  libinit2.o(.ARM.Collect$$libinit$$0000001D)
    .ARM.Collect$$libinit$$0000001F          0x08000202   Section        0  libinit2.o(.ARM.Collect$$libinit$$0000001F)
    .ARM.Collect$$libinit$$00000021          0x08000202   Section        0  libinit2.o(.ARM.Collect$$libinit$$00000021)
    .ARM.Collect$$libinit$$00000023          0x08000202   Section        0  libinit2.o(.ARM.Collect$$libinit$$00000023)
    .ARM.Collect$$libinit$$00000025          0x08000202   Section        0  libinit2.o(.ARM.Collect$$libinit$$00000025)
    .ARM.Collect$$libinit$$0000002C          0x08000202   Section        0  libinit2.o(.ARM.Collect$$libinit$$0000002C)
    .ARM.Collect$$libinit$$0000002E          0x08000202   Section        0  libinit2.o(.ARM.Collect$$libinit$$0000002E)
    .ARM.Collect$$libinit$$00000030          0x08000202   Section        0  libinit2.o(.ARM.Collect$$libinit$$00000030)
    .ARM.Collect$$libinit$$00000032          0x08000202   Section        0  libinit2.o(.ARM.Collect$$libinit$$00000032)
    .ARM.Collect$$libinit$$00000033          0x08000202   Section        2  libinit2.o(.ARM.Collect$$libinit$$00000033)
    .ARM.Collect$$libshutdown$$00000000      0x08000204   Section        2  libshutdown.o(.ARM.Collect$$libshutdown$$00000000)
    .ARM.Collect$$libshutdown$$00000002      0x08000206   Section        0  libshutdown2.o(.ARM.Collect$$libshutdown$$00000002)
    .ARM.Collect$$libshutdown$$00000004      0x08000206   Section        0  libshutdown2.o(.ARM.Collect$$libshutdown$$00000004)
    .ARM.Collect$$libshutdown$$00000007      0x08000206   Section        0  libshutdown2.o(.ARM.Collect$$libshutdown$$00000007)
    .ARM.Collect$$libshutdown$$0000000A      0x08000206   Section        0  libshutdown2.o(.ARM.Collect$$libshutdown$$0000000A)
    .ARM.Collect$$libshutdown$$0000000C      0x08000206   Section        0  libshutdown2.o(.ARM.Collect$$libshutdown$$0000000C)
    .ARM.Collect$$libshutdown$$0000000F      0x08000206   Section        0  libshutdown2.o(.ARM.Collect$$libshutdown$$0000000F)
    .ARM.Collect$$libshutdown$$00000010      0x08000206   Section        2  libshutdown2.o(.ARM.Collect$$libshutdown$$00000010)
    .ARM.Collect$$rtentry$$00000000          0x08000208   Section        0  __rtentry.o(.ARM.Collect$$rtentry$$00000000)
    .ARM.Collect$$rtentry$$00000002          0x08000208   Section        0  __rtentry2.o(.ARM.Collect$$rtentry$$00000002)
    .ARM.Collect$$rtentry$$00000004          0x08000208   Section        6  __rtentry4.o(.ARM.Collect$$rtentry$$00000004)
    .ARM.Collect$$rtentry$$00000009          0x0800020e   Section        0  __rtentry2.o(.ARM.Collect$$rtentry$$00000009)
    .ARM.Collect$$rtentry$$0000000A          0x0800020e   Section        4  __rtentry2.o(.ARM.Collect$$rtentry$$0000000A)
    .ARM.Collect$$rtentry$$0000000C          0x08000212   Section        0  __rtentry2.o(.ARM.Collect$$rtentry$$0000000C)
    .ARM.Collect$$rtentry$$0000000D          0x08000212   Section        8  __rtentry2.o(.ARM.Collect$$rtentry$$0000000D)
    .ARM.Collect$$rtexit$$00000000           0x0800021a   Section        2  rtexit.o(.ARM.Collect$$rtexit$$00000000)
    .ARM.Collect$$rtexit$$00000002           0x0800021c   Section        0  rtexit2.o(.ARM.Collect$$rtexit$$00000002)
    .ARM.Collect$$rtexit$$00000003           0x0800021c   Section        4  rtexit2.o(.ARM.Collect$$rtexit$$00000003)
    .ARM.Collect$$rtexit$$00000004           0x08000220   Section        6  rtexit2.o(.ARM.Collect$$rtexit$$00000004)
    .text                                    0x08000228   Section       64  startup_stm32f40_41xxx.o(.text)
    $v0                                      0x08000228   Number         0  startup_stm32f40_41xxx.o(.text)
    .text                                    0x08000268   Section        0  heapauxi.o(.text)
    .text                                    0x0800026e   Section       74  sys_stackheap_outer.o(.text)
    .text                                    0x080002b8   Section        0  exit.o(.text)
    .text                                    0x080002cc   Section        8  libspace.o(.text)
    .text                                    0x080002d4   Section        0  sys_exit.o(.text)
    .text                                    0x080002e0   Section        2  use_no_semi.o(.text)
    .text                                    0x080002e2   Section        0  indicate_semi.o(.text)
    i.AD_Scan                                0x080002e4   Section        0  main.o(i.AD_Scan)
    i.AT24C02_GPIO_Init                      0x08000314   Section        0  at24c02.o(i.AT24C02_GPIO_Init)
    i.AT24C02_IIC_Ack                        0x0800035c   Section        0  at24c02.o(i.AT24C02_IIC_Ack)
    i.AT24C02_IIC_NAck                       0x080003b4   Section        0  at24c02.o(i.AT24C02_IIC_NAck)
    i.AT24C02_IIC_Start                      0x08000400   Section        0  at24c02.o(i.AT24C02_IIC_Start)
    i.AT24C02_IIC_Stop                       0x08000458   Section        0  at24c02.o(i.AT24C02_IIC_Stop)
    i.AT24C02_IIC_Wait_Ack                   0x080004b0   Section        0  at24c02.o(i.AT24C02_IIC_Wait_Ack)
    i.AT24C02_Init                           0x0800051c   Section        0  at24c02.o(i.AT24C02_Init)
    i.AT24C02_ReadOneByte                    0x08000524   Section        0  at24c02.o(i.AT24C02_ReadOneByte)
    i.AT24C02_Read_Byte                      0x08000560   Section        0  at24c02.o(i.AT24C02_Read_Byte)
    i.AT24C02_Send_Byte                      0x080005d0   Section        0  at24c02.o(i.AT24C02_Send_Byte)
    i.AT24C02_WriteOneByte                   0x08000644   Section        0  at24c02.o(i.AT24C02_WriteOneByte)
    i.BusFault_Handler                       0x08000684   Section        0  stm32f4xx_it.o(i.BusFault_Handler)
    i.DAC_Cmd                                0x08000688   Section        0  stm32f4xx_dac.o(i.DAC_Cmd)
    i.DAC_DMACmd                             0x080006b0   Section        0  stm32f4xx_dac.o(i.DAC_DMACmd)
    i.DAC_DMA_Configuration1                 0x080006dc   Section        0  dac.o(i.DAC_DMA_Configuration1)
    i.DAC_DMA_Configuration2                 0x0800077c   Section        0  dac.o(i.DAC_DMA_Configuration2)
    i.DAC_Init                               0x08000840   Section        0  stm32f4xx_dac.o(i.DAC_Init)
    i.DMA_Cmd                                0x08000874   Section        0  stm32f4xx_dma.o(i.DMA_Cmd)
    i.DMA_DeInit                             0x0800088c   Section        0  stm32f4xx_dma.o(i.DMA_DeInit)
    i.DMA_Init                               0x080009e4   Section        0  stm32f4xx_dma.o(i.DMA_Init)
    i.DebugMon_Handler                       0x08000a3c   Section        0  stm32f4xx_it.o(i.DebugMon_Handler)
    i.EXTI15_10_IRQHandler                   0x08000a40   Section        0  gpio_init.o(i.EXTI15_10_IRQHandler)
    i.EXTI1_IRQHandler                       0x08000ae8   Section        0  gpio_init.o(i.EXTI1_IRQHandler)
    i.EXTI2_IRQHandler                       0x08000b90   Section        0  gpio_init.o(i.EXTI2_IRQHandler)
    i.EXTI3_IRQHandler                       0x08000c34   Section        0  gpio_init.o(i.EXTI3_IRQHandler)
    i.EXTI4_IRQHandler                       0x08000ca4   Section        0  gpio_init.o(i.EXTI4_IRQHandler)
    i.EXTI9_5_IRQHandler                     0x08000d4c   Section        0  gpio_init.o(i.EXTI9_5_IRQHandler)
    i.EXTI_ClearITPendingBit                 0x08000df4   Section        0  stm32f4xx_exti.o(i.EXTI_ClearITPendingBit)
    i.EXTI_GetITStatus                       0x08000e00   Section        0  stm32f4xx_exti.o(i.EXTI_GetITStatus)
    i.EXTI_Init                              0x08000e18   Section        0  stm32f4xx_exti.o(i.EXTI_Init)
    i.FSMC_NORSRAMCmd                        0x08000eac   Section        0  stm32f4xx_fsmc.o(i.FSMC_NORSRAMCmd)
    i.FSMC_NORSRAMInit                       0x08000ee0   Section        0  stm32f4xx_fsmc.o(i.FSMC_NORSRAMInit)
    i.GPIO_Init                              0x08000fc6   Section        0  stm32f4xx_gpio.o(i.GPIO_Init)
    i.GPIO_PinAFConfig                       0x08001056   Section        0  stm32f4xx_gpio.o(i.GPIO_PinAFConfig)
    i.GPIO_ResetBits                         0x0800109c   Section        0  stm32f4xx_gpio.o(i.GPIO_ResetBits)
    i.GPIO_SetBits                           0x080010a0   Section        0  stm32f4xx_gpio.o(i.GPIO_SetBits)
    i.Gpio_Init                              0x080010a4   Section        0  gpio_init.o(i.Gpio_Init)
    i.HardFault_Handler                      0x0800151c   Section        0  stm32f4xx_it.o(i.HardFault_Handler)
    i.K1_Scan                                0x08001520   Section        0  main.o(i.K1_Scan)
    i.K2_Scan                                0x080015a4   Section        0  main.o(i.K2_Scan)
    i.K3_Scan                                0x0800160c   Section        0  main.o(i.K3_Scan)
    i.LCD_Display                            0x080016e8   Section        0  lcd.o(i.LCD_Display)
    i.LCD_Fill                               0x080019d0   Section        0  lcd.o(i.LCD_Fill)
    i.LCD_Init                               0x08001a0c   Section        0  lcd.o(i.LCD_Init)
    i.LCD_Set_Pos                            0x08001b14   Section        0  lcd.o(i.LCD_Set_Pos)
    i.LCD_ShowADNum                          0x08001b3c   Section        0  lcd.o(i.LCD_ShowADNum)
    i.LCD_ShowLaser                          0x08001c78   Section        0  lcd.o(i.LCD_ShowLaser)
    i.LCD_ShowMode                           0x08001d10   Section        0  lcd.o(i.LCD_ShowMode)
    i.LCD_ShowPulse                          0x08001d54   Section        0  lcd.o(i.LCD_ShowPulse)
    i.LCD_ShowRed                            0x08001e94   Section        0  lcd.o(i.LCD_ShowRed)
    i.LCD_ShowSine1                          0x08001f2c   Section        0  lcd.o(i.LCD_ShowSine1)
    i.LCD_ShowSine2                          0x080020f0   Section        0  lcd.o(i.LCD_ShowSine2)
    i.LCD_ShowWarning                        0x080022b4   Section        0  lcd.o(i.LCD_ShowWarning)
    i.LCD_WrCmd                              0x080022f8   Section        0  lcd.o(i.LCD_WrCmd)
    i.LCD_WrDat                              0x08002384   Section        0  lcd.o(i.LCD_WrDat)
    i.MemManage_Handler                      0x08002410   Section        0  stm32f4xx_it.o(i.MemManage_Handler)
    i.NMI_Handler                            0x08002414   Section        0  stm32f4xx_it.o(i.NMI_Handler)
    i.NVIC_Init                              0x08002418   Section        0  misc.o(i.NVIC_Init)
    i.NVIC_PriorityGroupConfig               0x08002490   Section        0  misc.o(i.NVIC_PriorityGroupConfig)
    i.PendSV_Handler                         0x080024a4   Section        0  stm32f4xx_it.o(i.PendSV_Handler)
    i.Pulse_Scan                             0x080024a8   Section        0  main.o(i.Pulse_Scan)
    i.RCC_AHB1PeriphClockCmd                 0x08002504   Section        0  stm32f4xx_rcc.o(i.RCC_AHB1PeriphClockCmd)
    i.RCC_AHB3PeriphClockCmd                 0x08002524   Section        0  stm32f4xx_rcc.o(i.RCC_AHB3PeriphClockCmd)
    i.RCC_APB1PeriphClockCmd                 0x08002544   Section        0  stm32f4xx_rcc.o(i.RCC_APB1PeriphClockCmd)
    i.RCC_APB1PeriphResetCmd                 0x08002564   Section        0  stm32f4xx_rcc.o(i.RCC_APB1PeriphResetCmd)
    i.RCC_APB2PeriphClockCmd                 0x08002584   Section        0  stm32f4xx_rcc.o(i.RCC_APB2PeriphClockCmd)
    i.RCC_APB2PeriphResetCmd                 0x080025a4   Section        0  stm32f4xx_rcc.o(i.RCC_APB2PeriphResetCmd)
    i.Realys_Scan                            0x080025c4   Section        0  main.o(i.Realys_Scan)
    i.SVC_Handler                            0x08002624   Section        0  stm32f4xx_it.o(i.SVC_Handler)
    i.SYSCFG_EXTILineConfig                  0x08002628   Section        0  stm32f4xx_syscfg.o(i.SYSCFG_EXTILineConfig)
    i.SetAD                                  0x08002668   Section        0  gpio_init.o(i.SetAD)
    i.SetAddressingMode                      0x0800272c   Section        0  lcd.o(i.SetAddressingMode)
    i.SetContrastControl                     0x0800273e   Section        0  lcd.o(i.SetContrastControl)
    i.SetStartLine                           0x08002750   Section        0  lcd.o(i.SetStartLine)
    i.SetSysClock                            0x08002760   Section        0  system_stm32f4xx.o(i.SetSysClock)
    SetSysClock                              0x08002761   Thumb Code   220  system_stm32f4xx.o(i.SetSysClock)
    i.Set_Charge_Pump                        0x0800284c   Section        0  lcd.o(i.Set_Charge_Pump)
    i.Set_Common_Config                      0x08002860   Section        0  lcd.o(i.Set_Common_Config)
    i.Set_Common_Remap                       0x08002874   Section        0  lcd.o(i.Set_Common_Remap)
    i.Set_Display_Clock                      0x08002882   Section        0  lcd.o(i.Set_Display_Clock)
    i.Set_Display_Offset                     0x08002894   Section        0  lcd.o(i.Set_Display_Offset)
    i.Set_Display_On_Off                     0x080028a6   Section        0  lcd.o(i.Set_Display_On_Off)
    i.Set_Entire_Display                     0x080028b4   Section        0  lcd.o(i.Set_Entire_Display)
    i.Set_Inverse_Display                    0x080028c2   Section        0  lcd.o(i.Set_Inverse_Display)
    i.Set_Multiplex_Ratio                    0x080028d0   Section        0  lcd.o(i.Set_Multiplex_Ratio)
    i.Set_Precharge_Period                   0x080028e2   Section        0  lcd.o(i.Set_Precharge_Period)
    i.Set_Segment_Remap                      0x080028f4   Section        0  lcd.o(i.Set_Segment_Remap)
    i.Set_VCOMH                              0x08002902   Section        0  lcd.o(i.Set_VCOMH)
    i.ShowLine                               0x08002914   Section        0  tft_lcd.o(i.ShowLine)
    i.Sine1_Scan                             0x08002950   Section        0  main.o(i.Sine1_Scan)
    i.Sine2_Scan                             0x080029ec   Section        0  main.o(i.Sine2_Scan)
    i.StartInit                              0x08002a68   Section        0  main.o(i.StartInit)
    i.SysTick_CLKSourceConfig                0x08002e04   Section        0  misc.o(i.SysTick_CLKSourceConfig)
    i.SysTick_Handler                        0x08002e2c   Section        0  stm32f4xx_it.o(i.SysTick_Handler)
    i.SystemInit                             0x08002e30   Section        0  system_stm32f4xx.o(i.SystemInit)
    i.TFT_LCD_Clear                          0x08002e98   Section        0  tft_lcd.o(i.TFT_LCD_Clear)
    i.TFT_LCD_Display_Dir                    0x08002ecc   Section        0  tft_lcd.o(i.TFT_LCD_Display_Dir)
    i.TFT_LCD_Init                           0x08002f28   Section        0  tft_lcd.o(i.TFT_LCD_Init)
    i.TFT_LCD_RD_DATA                        0x08004124   Section        0  tft_lcd.o(i.TFT_LCD_RD_DATA)
    i.TFT_LCD_ReadReg                        0x08004138   Section        0  tft_lcd.o(i.TFT_LCD_ReadReg)
    i.TFT_LCD_Scan_Dir                       0x08004150   Section        0  tft_lcd.o(i.TFT_LCD_Scan_Dir)
    i.TFT_LCD_SetCursor                      0x0800428c   Section        0  tft_lcd.o(i.TFT_LCD_SetCursor)
    i.TFT_LCD_ShowADNum                      0x080042d8   Section        0  tft_lcd.o(i.TFT_LCD_ShowADNum)
    i.TFT_LCD_ShowChar                       0x080043b8   Section        0  tft_lcd.o(i.TFT_LCD_ShowChar)
    i.TFT_LCD_ShowLASER                      0x08004510   Section        0  tft_lcd.o(i.TFT_LCD_ShowLASER)
    i.TFT_LCD_ShowLaserValue                 0x0800458c   Section        0  tft_lcd.o(i.TFT_LCD_ShowLaserValue)
    i.TFT_LCD_ShowLogo                       0x080045b4   Section        0  tft_lcd.o(i.TFT_LCD_ShowLogo)
    i.TFT_LCD_ShowMODE                       0x08004640   Section        0  tft_lcd.o(i.TFT_LCD_ShowMODE)
    i.TFT_LCD_ShowModeValue                  0x080046bc   Section        0  tft_lcd.o(i.TFT_LCD_ShowModeValue)
    i.TFT_LCD_ShowOFF                        0x080046e8   Section        0  tft_lcd.o(i.TFT_LCD_ShowOFF)
    i.TFT_LCD_ShowON                         0x08004784   Section        0  tft_lcd.o(i.TFT_LCD_ShowON)
    i.TFT_LCD_ShowPOWER                      0x08004818   Section        0  tft_lcd.o(i.TFT_LCD_ShowPOWER)
    i.TFT_LCD_ShowPULSE                      0x08004894   Section        0  tft_lcd.o(i.TFT_LCD_ShowPULSE)
    i.TFT_LCD_ShowPulseValue                 0x08004910   Section        0  tft_lcd.o(i.TFT_LCD_ShowPulseValue)
    i.TFT_LCD_ShowRED                        0x0800499c   Section        0  tft_lcd.o(i.TFT_LCD_ShowRED)
    i.TFT_LCD_ShowRedValue                   0x08004a1c   Section        0  tft_lcd.o(i.TFT_LCD_ShowRedValue)
    i.TFT_LCD_ShowWIDTH                      0x08004a40   Section        0  tft_lcd.o(i.TFT_LCD_ShowWIDTH)
    i.TFT_LCD_ShowWidthValue                 0x08004abc   Section        0  tft_lcd.o(i.TFT_LCD_ShowWidthValue)
    i.TFT_LCD_WR_DATA                        0x08004b58   Section        0  tft_lcd.o(i.TFT_LCD_WR_DATA)
    i.TFT_LCD_WR_REG                         0x08004b70   Section        0  tft_lcd.o(i.TFT_LCD_WR_REG)
    i.TFT_LCD_WriteRAM_Prepare               0x08004b88   Section        0  tft_lcd.o(i.TFT_LCD_WriteRAM_Prepare)
    i.TFT_LCD_WriteReg                       0x08004b9c   Section        0  tft_lcd.o(i.TFT_LCD_WriteReg)
    i.TIM2_Configuration                     0x08004bb0   Section        0  dac.o(i.TIM2_Configuration)
    i.TIM3_IRQHandler                        0x08004ca8   Section        0  dac.o(i.TIM3_IRQHandler)
    i.TIM7_Configuration                     0x08004d18   Section        0  dac.o(i.TIM7_Configuration)
    i.TIM_ARRPreloadConfig                   0x08004d4c   Section        0  stm32f4xx_tim.o(i.TIM_ARRPreloadConfig)
    i.TIM_ClearITPendingBit                  0x08004d64   Section        0  stm32f4xx_tim.o(i.TIM_ClearITPendingBit)
    i.TIM_Cmd                                0x08004d6a   Section        0  stm32f4xx_tim.o(i.TIM_Cmd)
    i.TIM_CtrlPWMOutputs                     0x08004d82   Section        0  stm32f4xx_tim.o(i.TIM_CtrlPWMOutputs)
    i.TIM_DeInit                             0x08004da0   Section        0  stm32f4xx_tim.o(i.TIM_DeInit)
    i.TIM_GetITStatus                        0x08004f30   Section        0  stm32f4xx_tim.o(i.TIM_GetITStatus)
    i.TIM_OC1Init                            0x08004f54   Section        0  stm32f4xx_tim.o(i.TIM_OC1Init)
    i.TIM_OC1PreloadConfig                   0x08004fd0   Section        0  stm32f4xx_tim.o(i.TIM_OC1PreloadConfig)
    i.TIM_OC2Init                            0x08004fe4   Section        0  stm32f4xx_tim.o(i.TIM_OC2Init)
    i.TIM_OC2PreloadConfig                   0x08005088   Section        0  stm32f4xx_tim.o(i.TIM_OC2PreloadConfig)
    i.TIM_OC3Init                            0x080050a4   Section        0  stm32f4xx_tim.o(i.TIM_OC3Init)
    i.TIM_OC3PreloadConfig                   0x08005144   Section        0  stm32f4xx_tim.o(i.TIM_OC3PreloadConfig)
    i.TIM_OC4Init                            0x08005158   Section        0  stm32f4xx_tim.o(i.TIM_OC4Init)
    i.TIM_OC4PreloadConfig                   0x080051d0   Section        0  stm32f4xx_tim.o(i.TIM_OC4PreloadConfig)
    i.TIM_PrescalerConfig                    0x080051ea   Section        0  stm32f4xx_tim.o(i.TIM_PrescalerConfig)
    i.TIM_SelectInputTrigger                 0x080051f0   Section        0  stm32f4xx_tim.o(i.TIM_SelectInputTrigger)
    i.TIM_SelectMasterSlaveMode              0x08005202   Section        0  stm32f4xx_tim.o(i.TIM_SelectMasterSlaveMode)
    i.TIM_SelectOutputTrigger                0x08005214   Section        0  stm32f4xx_tim.o(i.TIM_SelectOutputTrigger)
    i.TIM_SelectSlaveMode                    0x08005226   Section        0  stm32f4xx_tim.o(i.TIM_SelectSlaveMode)
    i.TIM_SetAutoreload                      0x08005238   Section        0  stm32f4xx_tim.o(i.TIM_SetAutoreload)
    i.TIM_SetCompare4                        0x0800523c   Section        0  stm32f4xx_tim.o(i.TIM_SetCompare4)
    i.TIM_TimeBaseInit                       0x08005240   Section        0  stm32f4xx_tim.o(i.TIM_TimeBaseInit)
    i.UsageFault_Handler                     0x080052c4   Section        0  stm32f4xx_it.o(i.UsageFault_Handler)
    i.bsp_ConfigTimGpio                      0x080052c8   Section        0  bsp_tim_pwm.o(i.bsp_ConfigTimGpio)
    i.bsp_GetAFofTIM                         0x08005374   Section        0  bsp_tim_pwm.o(i.bsp_GetAFofTIM)
    i.bsp_GetPinSource                       0x08005430   Section        0  bsp_tim_pwm.o(i.bsp_GetPinSource)
    i.bsp_GetRCCofGPIO                       0x080054c4   Section        0  bsp_tim_pwm.o(i.bsp_GetRCCofGPIO)
    i.bsp_GetRCCofTIM                        0x08005548   Section        0  bsp_tim_pwm.o(i.bsp_GetRCCofTIM)
    i.bsp_SetTIMOutPWM                       0x08005614   Section        0  bsp_tim_pwm.o(i.bsp_SetTIMOutPWM)
    i.delay_init                             0x08005700   Section        0  delay.o(i.delay_init)
    i.delay_ms                               0x0800573c   Section        0  delay.o(i.delay_ms)
    i.delay_us                               0x08005774   Section        0  delay.o(i.delay_us)
    i.delay_xms                              0x080057c0   Section        0  delay.o(i.delay_xms)
    i.main                                   0x0800580c   Section        0  main.o(i.main)
    i.sin_Generation1                        0x080058a4   Section        0  dac.o(i.sin_Generation1)
    i.sin_Generation2                        0x0800594c   Section        0  dac.o(i.sin_Generation2)
    x$fpl$fpinit                             0x080059b4   Section       10  fpinit.o(x$fpl$fpinit)
    $v0                                      0x080059b4   Number         0  fpinit.o(x$fpl$fpinit)
    .constdata                               0x080059be   Section      552  lcd.o(.constdata)
    .constdata                               0x08005be6   Section    141376  tft_lcd.o(.constdata)
    .data                                    0x20000000   Section       48  main.o(.data)
    .data                                    0x20000030   Section        4  delay.o(.data)
    fac_us                                   0x20000030   Data           1  delay.o(.data)
    fac_ms                                   0x20000032   Data           2  delay.o(.data)
    .data                                    0x20000034   Section        1  dac.o(.data)
    .data                                    0x20000036   Section        4  tft_lcd.o(.data)
    .bss                                     0x2000003c   Section     6000  dac.o(.bss)
    .bss                                     0x200017ac   Section       14  tft_lcd.o(.bss)
    .bss                                     0x200017bc   Section       96  libspace.o(.bss)
    HEAP                                     0x20001820   Section      512  startup_stm32f40_41xxx.o(HEAP)
    Heap_Mem                                 0x20001820   Data         512  startup_stm32f40_41xxx.o(HEAP)
    STACK                                    0x20001a20   Section     1024  startup_stm32f40_41xxx.o(STACK)
    Stack_Mem                                0x20001a20   Data        1024  startup_stm32f40_41xxx.o(STACK)
    __initial_sp                             0x20001e20   Data           0  startup_stm32f40_41xxx.o(STACK)

    Global Symbols

    Symbol Name                              Value     Ov Type        Size  Object(Section)

    BuildAttributes$$THM_ISAv4$E$P$D$K$B$S$7EM$VFPi3$EXTD16$VFPS$VFMA$PE$A:L22UL41UL21$X:L11$S22US41US21$IEEE1$IW$USESV6$~STKCKD$USESV7$~SHL$OSPACE$ROPI$EBA8$UX$STANDARDLIB$REQ8$PRES8$EABIv2 0x00000000   Number         0  anon$$obj.o ABSOLUTE
    __ARM_use_no_argv                        0x00000000   Number         0  main.o ABSOLUTE
    __ARM_exceptions_init                     - Undefined Weak Reference
    __alloca_initialize                       - Undefined Weak Reference
    __arm_preinit_                            - Undefined Weak Reference
    __cpp_initialize__aeabi_                  - Undefined Weak Reference
    __cxa_finalize                            - Undefined Weak Reference
    __rt_locale                               - Undefined Weak Reference
    __sigvec_lookup                           - Undefined Weak Reference
    _atexit_init                              - Undefined Weak Reference
    _call_atexit_fns                          - Undefined Weak Reference
    _clock_init                               - Undefined Weak Reference
    _fp_trap_init                             - Undefined Weak Reference
    _fp_trap_shutdown                         - Undefined Weak Reference
    _get_lc_collate                           - Undefined Weak Reference
    _get_lc_ctype                             - Undefined Weak Reference
    _get_lc_monetary                          - Undefined Weak Reference
    _get_lc_numeric                           - Undefined Weak Reference
    _get_lc_time                              - Undefined Weak Reference
    _getenv_init                              - Undefined Weak Reference
    _handle_redirection                       - Undefined Weak Reference
    _init_alloc                               - Undefined Weak Reference
    _init_user_alloc                          - Undefined Weak Reference
    _initio                                   - Undefined Weak Reference
    _rand_init                                - Undefined Weak Reference
    _signal_finish                            - Undefined Weak Reference
    _signal_init                              - Undefined Weak Reference
    _terminate_alloc                          - Undefined Weak Reference
    _terminate_user_alloc                     - Undefined Weak Reference
    _terminateio                              - Undefined Weak Reference
    __Vectors_Size                           0x00000188   Number         0  startup_stm32f40_41xxx.o ABSOLUTE
    __Vectors                                0x08000000   Data           4  startup_stm32f40_41xxx.o(RESET)
    __Vectors_End                            0x08000188   Data           0  startup_stm32f40_41xxx.o(RESET)
    __main                                   0x08000189   Thumb Code     8  __main.o(!!!main)
    __scatterload                            0x08000191   Thumb Code     0  __scatter.o(!!!scatter)
    __scatterload_rt2                        0x08000191   Thumb Code    44  __scatter.o(!!!scatter)
    __scatterload_rt2_thumb_only             0x08000191   Thumb Code     0  __scatter.o(!!!scatter)
    __scatterload_null                       0x0800019f   Thumb Code     0  __scatter.o(!!!scatter)
    __scatterload_copy                       0x080001c5   Thumb Code    26  __scatter_copy.o(!!handler_copy)
    __scatterload_zeroinit                   0x080001e1   Thumb Code    28  __scatter_zi.o(!!handler_zi)
    __rt_lib_init                            0x080001fd   Thumb Code     0  libinit.o(.ARM.Collect$$libinit$$00000000)
    __rt_lib_init_fp_1                       0x080001ff   Thumb Code     0  libinit2.o(.ARM.Collect$$libinit$$00000001)
    __rt_lib_init_alloca_1                   0x08000203   Thumb Code     0  libinit2.o(.ARM.Collect$$libinit$$0000002E)
    __rt_lib_init_argv_1                     0x08000203   Thumb Code     0  libinit2.o(.ARM.Collect$$libinit$$0000002C)
    __rt_lib_init_atexit_1                   0x08000203   Thumb Code     0  libinit2.o(.ARM.Collect$$libinit$$0000001B)
    __rt_lib_init_clock_1                    0x08000203   Thumb Code     0  libinit2.o(.ARM.Collect$$libinit$$00000021)
    __rt_lib_init_cpp_1                      0x08000203   Thumb Code     0  libinit2.o(.ARM.Collect$$libinit$$00000032)
    __rt_lib_init_exceptions_1               0x08000203   Thumb Code     0  libinit2.o(.ARM.Collect$$libinit$$00000030)
    __rt_lib_init_fp_trap_1                  0x08000203   Thumb Code     0  libinit2.o(.ARM.Collect$$libinit$$0000001F)
    __rt_lib_init_getenv_1                   0x08000203   Thumb Code     0  libinit2.o(.ARM.Collect$$libinit$$00000023)
    __rt_lib_init_heap_1                     0x08000203   Thumb Code     0  libinit2.o(.ARM.Collect$$libinit$$0000000A)
    __rt_lib_init_lc_collate_1               0x08000203   Thumb Code     0  libinit2.o(.ARM.Collect$$libinit$$00000011)
    __rt_lib_init_lc_ctype_1                 0x08000203   Thumb Code     0  libinit2.o(.ARM.Collect$$libinit$$00000013)
    __rt_lib_init_lc_monetary_1              0x08000203   Thumb Code     0  libinit2.o(.ARM.Collect$$libinit$$00000015)
    __rt_lib_init_lc_numeric_1               0x08000203   Thumb Code     0  libinit2.o(.ARM.Collect$$libinit$$00000017)
    __rt_lib_init_lc_time_1                  0x08000203   Thumb Code     0  libinit2.o(.ARM.Collect$$libinit$$00000019)
    __rt_lib_init_preinit_1                  0x08000203   Thumb Code     0  libinit2.o(.ARM.Collect$$libinit$$00000004)
    __rt_lib_init_rand_1                     0x08000203   Thumb Code     0  libinit2.o(.ARM.Collect$$libinit$$0000000E)
    __rt_lib_init_return                     0x08000203   Thumb Code     0  libinit2.o(.ARM.Collect$$libinit$$00000033)
    __rt_lib_init_signal_1                   0x08000203   Thumb Code     0  libinit2.o(.ARM.Collect$$libinit$$0000001D)
    __rt_lib_init_stdio_1                    0x08000203   Thumb Code     0  libinit2.o(.ARM.Collect$$libinit$$00000025)
    __rt_lib_init_user_alloc_1               0x08000203   Thumb Code     0  libinit2.o(.ARM.Collect$$libinit$$0000000C)
    __rt_lib_shutdown                        0x08000205   Thumb Code     0  libshutdown.o(.ARM.Collect$$libshutdown$$00000000)
    __rt_lib_shutdown_cpp_1                  0x08000207   Thumb Code     0  libshutdown2.o(.ARM.Collect$$libshutdown$$00000002)
    __rt_lib_shutdown_fp_trap_1              0x08000207   Thumb Code     0  libshutdown2.o(.ARM.Collect$$libshutdown$$00000007)
    __rt_lib_shutdown_heap_1                 0x08000207   Thumb Code     0  libshutdown2.o(.ARM.Collect$$libshutdown$$0000000F)
    __rt_lib_shutdown_return                 0x08000207   Thumb Code     0  libshutdown2.o(.ARM.Collect$$libshutdown$$00000010)
    __rt_lib_shutdown_signal_1               0x08000207   Thumb Code     0  libshutdown2.o(.ARM.Collect$$libshutdown$$0000000A)
    __rt_lib_shutdown_stdio_1                0x08000207   Thumb Code     0  libshutdown2.o(.ARM.Collect$$libshutdown$$00000004)
    __rt_lib_shutdown_user_alloc_1           0x08000207   Thumb Code     0  libshutdown2.o(.ARM.Collect$$libshutdown$$0000000C)
    __rt_entry                               0x08000209   Thumb Code     0  __rtentry.o(.ARM.Collect$$rtentry$$00000000)
    __rt_entry_presh_1                       0x08000209   Thumb Code     0  __rtentry2.o(.ARM.Collect$$rtentry$$00000002)
    __rt_entry_sh                            0x08000209   Thumb Code     0  __rtentry4.o(.ARM.Collect$$rtentry$$00000004)
    __rt_entry_li                            0x0800020f   Thumb Code     0  __rtentry2.o(.ARM.Collect$$rtentry$$0000000A)
    __rt_entry_postsh_1                      0x0800020f   Thumb Code     0  __rtentry2.o(.ARM.Collect$$rtentry$$00000009)
    __rt_entry_main                          0x08000213   Thumb Code     0  __rtentry2.o(.ARM.Collect$$rtentry$$0000000D)
    __rt_entry_postli_1                      0x08000213   Thumb Code     0  __rtentry2.o(.ARM.Collect$$rtentry$$0000000C)
    __rt_exit                                0x0800021b   Thumb Code     0  rtexit.o(.ARM.Collect$$rtexit$$00000000)
    __rt_exit_ls                             0x0800021d   Thumb Code     0  rtexit2.o(.ARM.Collect$$rtexit$$00000003)
    __rt_exit_prels_1                        0x0800021d   Thumb Code     0  rtexit2.o(.ARM.Collect$$rtexit$$00000002)
    __rt_exit_exit                           0x08000221   Thumb Code     0  rtexit2.o(.ARM.Collect$$rtexit$$00000004)
    Reset_Handler                            0x08000229   Thumb Code     8  startup_stm32f40_41xxx.o(.text)
    ADC_IRQHandler                           0x08000243   Thumb Code     0  startup_stm32f40_41xxx.o(.text)
    CAN1_RX0_IRQHandler                      0x08000243   Thumb Code     0  startup_stm32f40_41xxx.o(.text)
    CAN1_RX1_IRQHandler                      0x08000243   Thumb Code     0  startup_stm32f40_41xxx.o(.text)
    CAN1_SCE_IRQHandler                      0x08000243   Thumb Code     0  startup_stm32f40_41xxx.o(.text)
    CAN1_TX_IRQHandler                       0x08000243   Thumb Code     0  startup_stm32f40_41xxx.o(.text)
    CAN2_RX0_IRQHandler                      0x08000243   Thumb Code     0  startup_stm32f40_41xxx.o(.text)
    CAN2_RX1_IRQHandler                      0x08000243   Thumb Code     0  startup_stm32f40_41xxx.o(.text)
    CAN2_SCE_IRQHandler                      0x08000243   Thumb Code     0  startup_stm32f40_41xxx.o(.text)
    CAN2_TX_IRQHandler                       0x08000243   Thumb Code     0  startup_stm32f40_41xxx.o(.text)
    CRYP_IRQHandler                          0x08000243   Thumb Code     0  startup_stm32f40_41xxx.o(.text)
    DCMI_IRQHandler                          0x08000243   Thumb Code     0  startup_stm32f40_41xxx.o(.text)
    DMA1_Stream0_IRQHandler                  0x08000243   Thumb Code     0  startup_stm32f40_41xxx.o(.text)
    DMA1_Stream1_IRQHandler                  0x08000243   Thumb Code     0  startup_stm32f40_41xxx.o(.text)
    DMA1_Stream2_IRQHandler                  0x08000243   Thumb Code     0  startup_stm32f40_41xxx.o(.text)
    DMA1_Stream3_IRQHandler                  0x08000243   Thumb Code     0  startup_stm32f40_41xxx.o(.text)
    DMA1_Stream4_IRQHandler                  0x08000243   Thumb Code     0  startup_stm32f40_41xxx.o(.text)
    DMA1_Stream5_IRQHandler                  0x08000243   Thumb Code     0  startup_stm32f40_41xxx.o(.text)
    DMA1_Stream6_IRQHandler                  0x08000243   Thumb Code     0  startup_stm32f40_41xxx.o(.text)
    DMA1_Stream7_IRQHandler                  0x08000243   Thumb Code     0  startup_stm32f40_41xxx.o(.text)
    DMA2_Stream0_IRQHandler                  0x08000243   Thumb Code     0  startup_stm32f40_41xxx.o(.text)
    DMA2_Stream1_IRQHandler                  0x08000243   Thumb Code     0  startup_stm32f40_41xxx.o(.text)
    DMA2_Stream2_IRQHandler                  0x08000243   Thumb Code     0  startup_stm32f40_41xxx.o(.text)
    DMA2_Stream3_IRQHandler                  0x08000243   Thumb Code     0  startup_stm32f40_41xxx.o(.text)
    DMA2_Stream4_IRQHandler                  0x08000243   Thumb Code     0  startup_stm32f40_41xxx.o(.text)
    DMA2_Stream5_IRQHandler                  0x08000243   Thumb Code     0  startup_stm32f40_41xxx.o(.text)
    DMA2_Stream6_IRQHandler                  0x08000243   Thumb Code     0  startup_stm32f40_41xxx.o(.text)
    DMA2_Stream7_IRQHandler                  0x08000243   Thumb Code     0  startup_stm32f40_41xxx.o(.text)
    ETH_IRQHandler                           0x08000243   Thumb Code     0  startup_stm32f40_41xxx.o(.text)
    ETH_WKUP_IRQHandler                      0x08000243   Thumb Code     0  startup_stm32f40_41xxx.o(.text)
    EXTI0_IRQHandler                         0x08000243   Thumb Code     0  startup_stm32f40_41xxx.o(.text)
    FLASH_IRQHandler                         0x08000243   Thumb Code     0  startup_stm32f40_41xxx.o(.text)
    FPU_IRQHandler                           0x08000243   Thumb Code     0  startup_stm32f40_41xxx.o(.text)
    FSMC_IRQHandler                          0x08000243   Thumb Code     0  startup_stm32f40_41xxx.o(.text)
    HASH_RNG_IRQHandler                      0x08000243   Thumb Code     0  startup_stm32f40_41xxx.o(.text)
    I2C1_ER_IRQHandler                       0x08000243   Thumb Code     0  startup_stm32f40_41xxx.o(.text)
    I2C1_EV_IRQHandler                       0x08000243   Thumb Code     0  startup_stm32f40_41xxx.o(.text)
    I2C2_ER_IRQHandler                       0x08000243   Thumb Code     0  startup_stm32f40_41xxx.o(.text)
    I2C2_EV_IRQHandler                       0x08000243   Thumb Code     0  startup_stm32f40_41xxx.o(.text)
    I2C3_ER_IRQHandler                       0x08000243   Thumb Code     0  startup_stm32f40_41xxx.o(.text)
    I2C3_EV_IRQHandler                       0x08000243   Thumb Code     0  startup_stm32f40_41xxx.o(.text)
    OTG_FS_IRQHandler                        0x08000243   Thumb Code     0  startup_stm32f40_41xxx.o(.text)
    OTG_FS_WKUP_IRQHandler                   0x08000243   Thumb Code     0  startup_stm32f40_41xxx.o(.text)
    OTG_HS_EP1_IN_IRQHandler                 0x08000243   Thumb Code     0  startup_stm32f40_41xxx.o(.text)
    OTG_HS_EP1_OUT_IRQHandler                0x08000243   Thumb Code     0  startup_stm32f40_41xxx.o(.text)
    OTG_HS_IRQHandler                        0x08000243   Thumb Code     0  startup_stm32f40_41xxx.o(.text)
    OTG_HS_WKUP_IRQHandler                   0x08000243   Thumb Code     0  startup_stm32f40_41xxx.o(.text)
    PVD_IRQHandler                           0x08000243   Thumb Code     0  startup_stm32f40_41xxx.o(.text)
    RCC_IRQHandler                           0x08000243   Thumb Code     0  startup_stm32f40_41xxx.o(.text)
    RTC_Alarm_IRQHandler                     0x08000243   Thumb Code     0  startup_stm32f40_41xxx.o(.text)
    RTC_WKUP_IRQHandler                      0x08000243   Thumb Code     0  startup_stm32f40_41xxx.o(.text)
    SDIO_IRQHandler                          0x08000243   Thumb Code     0  startup_stm32f40_41xxx.o(.text)
    SPI1_IRQHandler                          0x08000243   Thumb Code     0  startup_stm32f40_41xxx.o(.text)
    SPI2_IRQHandler                          0x08000243   Thumb Code     0  startup_stm32f40_41xxx.o(.text)
    SPI3_IRQHandler                          0x08000243   Thumb Code     0  startup_stm32f40_41xxx.o(.text)
    TAMP_STAMP_IRQHandler                    0x08000243   Thumb Code     0  startup_stm32f40_41xxx.o(.text)
    TIM1_BRK_TIM9_IRQHandler                 0x08000243   Thumb Code     0  startup_stm32f40_41xxx.o(.text)
    TIM1_CC_IRQHandler                       0x08000243   Thumb Code     0  startup_stm32f40_41xxx.o(.text)
    TIM1_TRG_COM_TIM11_IRQHandler            0x08000243   Thumb Code     0  startup_stm32f40_41xxx.o(.text)
    TIM1_UP_TIM10_IRQHandler                 0x08000243   Thumb Code     0  startup_stm32f40_41xxx.o(.text)
    TIM2_IRQHandler                          0x08000243   Thumb Code     0  startup_stm32f40_41xxx.o(.text)
    TIM4_IRQHandler                          0x08000243   Thumb Code     0  startup_stm32f40_41xxx.o(.text)
    TIM5_IRQHandler                          0x08000243   Thumb Code     0  startup_stm32f40_41xxx.o(.text)
    TIM6_DAC_IRQHandler                      0x08000243   Thumb Code     0  startup_stm32f40_41xxx.o(.text)
    TIM7_IRQHandler                          0x08000243   Thumb Code     0  startup_stm32f40_41xxx.o(.text)
    TIM8_BRK_TIM12_IRQHandler                0x08000243   Thumb Code     0  startup_stm32f40_41xxx.o(.text)
    TIM8_CC_IRQHandler                       0x08000243   Thumb Code     0  startup_stm32f40_41xxx.o(.text)
    TIM8_TRG_COM_TIM14_IRQHandler            0x08000243   Thumb Code     0  startup_stm32f40_41xxx.o(.text)
    TIM8_UP_TIM13_IRQHandler                 0x08000243   Thumb Code     0  startup_stm32f40_41xxx.o(.text)
    UART4_IRQHandler                         0x08000243   Thumb Code     0  startup_stm32f40_41xxx.o(.text)
    UART5_IRQHandler                         0x08000243   Thumb Code     0  startup_stm32f40_41xxx.o(.text)
    USART1_IRQHandler                        0x08000243   Thumb Code     0  startup_stm32f40_41xxx.o(.text)
    USART2_IRQHandler                        0x08000243   Thumb Code     0  startup_stm32f40_41xxx.o(.text)
    USART3_IRQHandler                        0x08000243   Thumb Code     0  startup_stm32f40_41xxx.o(.text)
    USART6_IRQHandler                        0x08000243   Thumb Code     0  startup_stm32f40_41xxx.o(.text)
    WWDG_IRQHandler                          0x08000243   Thumb Code     0  startup_stm32f40_41xxx.o(.text)
    __user_initial_stackheap                 0x08000245   Thumb Code     0  startup_stm32f40_41xxx.o(.text)
    __use_two_region_memory                  0x08000269   Thumb Code     2  heapauxi.o(.text)
    __rt_heap_escrow$2region                 0x0800026b   Thumb Code     2  heapauxi.o(.text)
    __rt_heap_expand$2region                 0x0800026d   Thumb Code     2  heapauxi.o(.text)
    __user_setup_stackheap                   0x0800026f   Thumb Code    74  sys_stackheap_outer.o(.text)
    exit                                     0x080002b9   Thumb Code    18  exit.o(.text)
    __user_libspace                          0x080002cd   Thumb Code     8  libspace.o(.text)
    __user_perproc_libspace                  0x080002cd   Thumb Code     0  libspace.o(.text)
    __user_perthread_libspace                0x080002cd   Thumb Code     0  libspace.o(.text)
    _sys_exit                                0x080002d5   Thumb Code     8  sys_exit.o(.text)
    __I$use$semihosting                      0x080002e1   Thumb Code     0  use_no_semi.o(.text)
    __use_no_semihosting_swi                 0x080002e1   Thumb Code     2  use_no_semi.o(.text)
    __semihosting_library_function           0x080002e3   Thumb Code     0  indicate_semi.o(.text)
    AD_Scan                                  0x080002e5   Thumb Code    40  main.o(i.AD_Scan)
    AT24C02_GPIO_Init                        0x08000315   Thumb Code    60  at24c02.o(i.AT24C02_GPIO_Init)
    AT24C02_IIC_Ack                          0x0800035d   Thumb Code    74  at24c02.o(i.AT24C02_IIC_Ack)
    AT24C02_IIC_NAck                         0x080003b5   Thumb Code    66  at24c02.o(i.AT24C02_IIC_NAck)
    AT24C02_IIC_Start                        0x08000401   Thumb Code    74  at24c02.o(i.AT24C02_IIC_Start)
    AT24C02_IIC_Stop                         0x08000459   Thumb Code    74  at24c02.o(i.AT24C02_IIC_Stop)
    AT24C02_IIC_Wait_Ack                     0x080004b1   Thumb Code   100  at24c02.o(i.AT24C02_IIC_Wait_Ack)
    AT24C02_Init                             0x0800051d   Thumb Code     8  at24c02.o(i.AT24C02_Init)
    AT24C02_ReadOneByte                      0x08000525   Thumb Code    58  at24c02.o(i.AT24C02_ReadOneByte)
    AT24C02_Read_Byte                        0x08000561   Thumb Code   100  at24c02.o(i.AT24C02_Read_Byte)
    AT24C02_Send_Byte                        0x080005d1   Thumb Code   106  at24c02.o(i.AT24C02_Send_Byte)
    AT24C02_WriteOneByte                     0x08000645   Thumb Code    58  at24c02.o(i.AT24C02_WriteOneByte)
    BusFault_Handler                         0x08000685   Thumb Code     4  stm32f4xx_it.o(i.BusFault_Handler)
    DAC_Cmd                                  0x08000689   Thumb Code    34  stm32f4xx_dac.o(i.DAC_Cmd)
    DAC_DMACmd                               0x080006b1   Thumb Code    38  stm32f4xx_dac.o(i.DAC_DMACmd)
    DAC_DMA_Configuration1                   0x080006dd   Thumb Code   146  dac.o(i.DAC_DMA_Configuration1)
    DAC_DMA_Configuration2                   0x0800077d   Thumb Code   180  dac.o(i.DAC_DMA_Configuration2)
    DAC_Init                                 0x08000841   Thumb Code    46  stm32f4xx_dac.o(i.DAC_Init)
    DMA_Cmd                                  0x08000875   Thumb Code    22  stm32f4xx_dma.o(i.DMA_Cmd)
    DMA_DeInit                               0x0800088d   Thumb Code   324  stm32f4xx_dma.o(i.DMA_DeInit)
    DMA_Init                                 0x080009e5   Thumb Code    82  stm32f4xx_dma.o(i.DMA_Init)
    DebugMon_Handler                         0x08000a3d   Thumb Code     2  stm32f4xx_it.o(i.DebugMon_Handler)
    EXTI15_10_IRQHandler                     0x08000a41   Thumb Code   156  gpio_init.o(i.EXTI15_10_IRQHandler)
    EXTI1_IRQHandler                         0x08000ae9   Thumb Code   152  gpio_init.o(i.EXTI1_IRQHandler)
    EXTI2_IRQHandler                         0x08000b91   Thumb Code   152  gpio_init.o(i.EXTI2_IRQHandler)
    EXTI3_IRQHandler                         0x08000c35   Thumb Code   100  gpio_init.o(i.EXTI3_IRQHandler)
    EXTI4_IRQHandler                         0x08000ca5   Thumb Code   154  gpio_init.o(i.EXTI4_IRQHandler)
    EXTI9_5_IRQHandler                       0x08000d4d   Thumb Code   156  gpio_init.o(i.EXTI9_5_IRQHandler)
    EXTI_ClearITPendingBit                   0x08000df5   Thumb Code     6  stm32f4xx_exti.o(i.EXTI_ClearITPendingBit)
    EXTI_GetITStatus                         0x08000e01   Thumb Code    20  stm32f4xx_exti.o(i.EXTI_GetITStatus)
    EXTI_Init                                0x08000e19   Thumb Code   142  stm32f4xx_exti.o(i.EXTI_Init)
    FSMC_NORSRAMCmd                          0x08000ead   Thumb Code    46  stm32f4xx_fsmc.o(i.FSMC_NORSRAMCmd)
    FSMC_NORSRAMInit                         0x08000ee1   Thumb Code   230  stm32f4xx_fsmc.o(i.FSMC_NORSRAMInit)
    GPIO_Init                                0x08000fc7   Thumb Code   144  stm32f4xx_gpio.o(i.GPIO_Init)
    GPIO_PinAFConfig                         0x08001057   Thumb Code    70  stm32f4xx_gpio.o(i.GPIO_PinAFConfig)
    GPIO_ResetBits                           0x0800109d   Thumb Code     4  stm32f4xx_gpio.o(i.GPIO_ResetBits)
    GPIO_SetBits                             0x080010a1   Thumb Code     4  stm32f4xx_gpio.o(i.GPIO_SetBits)
    Gpio_Init                                0x080010a5   Thumb Code  1144  gpio_init.o(i.Gpio_Init)
    HardFault_Handler                        0x0800151d   Thumb Code     4  stm32f4xx_it.o(i.HardFault_Handler)
    K1_Scan                                  0x08001521   Thumb Code   110  main.o(i.K1_Scan)
    K2_Scan                                  0x080015a5   Thumb Code    90  main.o(i.K2_Scan)
    K3_Scan                                  0x0800160d   Thumb Code   188  main.o(i.K3_Scan)
    LCD_Display                              0x080016e9   Thumb Code   680  lcd.o(i.LCD_Display)
    LCD_Fill                                 0x080019d1   Thumb Code    58  lcd.o(i.LCD_Fill)
    LCD_Init                                 0x08001a0d   Thumb Code   254  lcd.o(i.LCD_Init)
    LCD_Set_Pos                              0x08001b15   Thumb Code    40  lcd.o(i.LCD_Set_Pos)
    LCD_ShowADNum                            0x08001b3d   Thumb Code   312  lcd.o(i.LCD_ShowADNum)
    LCD_ShowLaser                            0x08001c79   Thumb Code   146  lcd.o(i.LCD_ShowLaser)
    LCD_ShowMode                             0x08001d11   Thumb Code    64  lcd.o(i.LCD_ShowMode)
    LCD_ShowPulse                            0x08001d55   Thumb Code   316  lcd.o(i.LCD_ShowPulse)
    LCD_ShowRed                              0x08001e95   Thumb Code   146  lcd.o(i.LCD_ShowRed)
    LCD_ShowSine1                            0x08001f2d   Thumb Code   448  lcd.o(i.LCD_ShowSine1)
    LCD_ShowSine2                            0x080020f1   Thumb Code   448  lcd.o(i.LCD_ShowSine2)
    LCD_ShowWarning                          0x080022b5   Thumb Code    64  lcd.o(i.LCD_ShowWarning)
    LCD_WrCmd                                0x080022f9   Thumb Code   130  lcd.o(i.LCD_WrCmd)
    LCD_WrDat                                0x08002385   Thumb Code   130  lcd.o(i.LCD_WrDat)
    MemManage_Handler                        0x08002411   Thumb Code     4  stm32f4xx_it.o(i.MemManage_Handler)
    NMI_Handler                              0x08002415   Thumb Code     2  stm32f4xx_it.o(i.NMI_Handler)
    NVIC_Init                                0x08002419   Thumb Code   106  misc.o(i.NVIC_Init)
    NVIC_PriorityGroupConfig                 0x08002491   Thumb Code    10  misc.o(i.NVIC_PriorityGroupConfig)
    PendSV_Handler                           0x080024a5   Thumb Code     2  stm32f4xx_it.o(i.PendSV_Handler)
    Pulse_Scan                               0x080024a9   Thumb Code    68  main.o(i.Pulse_Scan)
    RCC_AHB1PeriphClockCmd                   0x08002505   Thumb Code    26  stm32f4xx_rcc.o(i.RCC_AHB1PeriphClockCmd)
    RCC_AHB3PeriphClockCmd                   0x08002525   Thumb Code    26  stm32f4xx_rcc.o(i.RCC_AHB3PeriphClockCmd)
    RCC_APB1PeriphClockCmd                   0x08002545   Thumb Code    26  stm32f4xx_rcc.o(i.RCC_APB1PeriphClockCmd)
    RCC_APB1PeriphResetCmd                   0x08002565   Thumb Code    26  stm32f4xx_rcc.o(i.RCC_APB1PeriphResetCmd)
    RCC_APB2PeriphClockCmd                   0x08002585   Thumb Code    26  stm32f4xx_rcc.o(i.RCC_APB2PeriphClockCmd)
    RCC_APB2PeriphResetCmd                   0x080025a5   Thumb Code    26  stm32f4xx_rcc.o(i.RCC_APB2PeriphResetCmd)
    Realys_Scan                              0x080025c5   Thumb Code    84  main.o(i.Realys_Scan)
    SVC_Handler                              0x08002625   Thumb Code     2  stm32f4xx_it.o(i.SVC_Handler)
    SYSCFG_EXTILineConfig                    0x08002629   Thumb Code    60  stm32f4xx_syscfg.o(i.SYSCFG_EXTILineConfig)
    SetAD                                    0x08002669   Thumb Code   182  gpio_init.o(i.SetAD)
    SetAddressingMode                        0x0800272d   Thumb Code    18  lcd.o(i.SetAddressingMode)
    SetContrastControl                       0x0800273f   Thumb Code    18  lcd.o(i.SetContrastControl)
    SetStartLine                             0x08002751   Thumb Code    14  lcd.o(i.SetStartLine)
    Set_Charge_Pump                          0x0800284d   Thumb Code    20  lcd.o(i.Set_Charge_Pump)
    Set_Common_Config                        0x08002861   Thumb Code    20  lcd.o(i.Set_Common_Config)
    Set_Common_Remap                         0x08002875   Thumb Code    14  lcd.o(i.Set_Common_Remap)
    Set_Display_Clock                        0x08002883   Thumb Code    18  lcd.o(i.Set_Display_Clock)
    Set_Display_Offset                       0x08002895   Thumb Code    18  lcd.o(i.Set_Display_Offset)
    Set_Display_On_Off                       0x080028a7   Thumb Code    14  lcd.o(i.Set_Display_On_Off)
    Set_Entire_Display                       0x080028b5   Thumb Code    14  lcd.o(i.Set_Entire_Display)
    Set_Inverse_Display                      0x080028c3   Thumb Code    14  lcd.o(i.Set_Inverse_Display)
    Set_Multiplex_Ratio                      0x080028d1   Thumb Code    18  lcd.o(i.Set_Multiplex_Ratio)
    Set_Precharge_Period                     0x080028e3   Thumb Code    18  lcd.o(i.Set_Precharge_Period)
    Set_Segment_Remap                        0x080028f5   Thumb Code    14  lcd.o(i.Set_Segment_Remap)
    Set_VCOMH                                0x08002903   Thumb Code    18  lcd.o(i.Set_VCOMH)
    ShowLine                                 0x08002915   Thumb Code    52  tft_lcd.o(i.ShowLine)
    Sine1_Scan                               0x08002951   Thumb Code   128  main.o(i.Sine1_Scan)
    Sine2_Scan                               0x080029ed   Thumb Code   100  main.o(i.Sine2_Scan)
    StartInit                                0x08002a69   Thumb Code   800  main.o(i.StartInit)
    SysTick_CLKSourceConfig                  0x08002e05   Thumb Code    40  misc.o(i.SysTick_CLKSourceConfig)
    SysTick_Handler                          0x08002e2d   Thumb Code     2  stm32f4xx_it.o(i.SysTick_Handler)
    SystemInit                               0x08002e31   Thumb Code    88  system_stm32f4xx.o(i.SystemInit)
    TFT_LCD_Clear                            0x08002e99   Thumb Code    42  tft_lcd.o(i.TFT_LCD_Clear)
    TFT_LCD_Display_Dir                      0x08002ecd   Thumb Code    88  tft_lcd.o(i.TFT_LCD_Display_Dir)
    TFT_LCD_Init                             0x08002f29   Thumb Code  4596  tft_lcd.o(i.TFT_LCD_Init)
    TFT_LCD_RD_DATA                          0x08004125   Thumb Code    14  tft_lcd.o(i.TFT_LCD_RD_DATA)
    TFT_LCD_ReadReg                          0x08004139   Thumb Code    22  tft_lcd.o(i.TFT_LCD_ReadReg)
    TFT_LCD_Scan_Dir                         0x08004151   Thumb Code   312  tft_lcd.o(i.TFT_LCD_Scan_Dir)
    TFT_LCD_SetCursor                        0x0800428d   Thumb Code    72  tft_lcd.o(i.TFT_LCD_SetCursor)
    TFT_LCD_ShowADNum                        0x080042d9   Thumb Code   224  tft_lcd.o(i.TFT_LCD_ShowADNum)
    TFT_LCD_ShowChar                         0x080043b9   Thumb Code   332  tft_lcd.o(i.TFT_LCD_ShowChar)
    TFT_LCD_ShowLASER                        0x08004511   Thumb Code   116  tft_lcd.o(i.TFT_LCD_ShowLASER)
    TFT_LCD_ShowLaserValue                   0x0800458d   Thumb Code    40  tft_lcd.o(i.TFT_LCD_ShowLaserValue)
    TFT_LCD_ShowLogo                         0x080045b5   Thumb Code   132  tft_lcd.o(i.TFT_LCD_ShowLogo)
    TFT_LCD_ShowMODE                         0x08004641   Thumb Code   116  tft_lcd.o(i.TFT_LCD_ShowMODE)
    TFT_LCD_ShowModeValue                    0x080046bd   Thumb Code    44  tft_lcd.o(i.TFT_LCD_ShowModeValue)
    TFT_LCD_ShowOFF                          0x080046e9   Thumb Code   144  tft_lcd.o(i.TFT_LCD_ShowOFF)
    TFT_LCD_ShowON                           0x08004785   Thumb Code   136  tft_lcd.o(i.TFT_LCD_ShowON)
    TFT_LCD_ShowPOWER                        0x08004819   Thumb Code   116  tft_lcd.o(i.TFT_LCD_ShowPOWER)
    TFT_LCD_ShowPULSE                        0x08004895   Thumb Code   116  tft_lcd.o(i.TFT_LCD_ShowPULSE)
    TFT_LCD_ShowPulseValue                   0x08004911   Thumb Code   138  tft_lcd.o(i.TFT_LCD_ShowPulseValue)
    TFT_LCD_ShowRED                          0x0800499d   Thumb Code   118  tft_lcd.o(i.TFT_LCD_ShowRED)
    TFT_LCD_ShowRedValue                     0x08004a1d   Thumb Code    36  tft_lcd.o(i.TFT_LCD_ShowRedValue)
    TFT_LCD_ShowWIDTH                        0x08004a41   Thumb Code   116  tft_lcd.o(i.TFT_LCD_ShowWIDTH)
    TFT_LCD_ShowWidthValue                   0x08004abd   Thumb Code   156  tft_lcd.o(i.TFT_LCD_ShowWidthValue)
    TFT_LCD_WR_DATA                          0x08004b59   Thumb Code    18  tft_lcd.o(i.TFT_LCD_WR_DATA)
    TFT_LCD_WR_REG                           0x08004b71   Thumb Code    18  tft_lcd.o(i.TFT_LCD_WR_REG)
    TFT_LCD_WriteRAM_Prepare                 0x08004b89   Thumb Code    10  tft_lcd.o(i.TFT_LCD_WriteRAM_Prepare)
    TFT_LCD_WriteReg                         0x08004b9d   Thumb Code    14  tft_lcd.o(i.TFT_LCD_WriteReg)
    TIM2_Configuration                       0x08004bb1   Thumb Code   238  dac.o(i.TIM2_Configuration)
    TIM3_IRQHandler                          0x08004ca9   Thumb Code    94  dac.o(i.TIM3_IRQHandler)
    TIM7_Configuration                       0x08004d19   Thumb Code    48  dac.o(i.TIM7_Configuration)
    TIM_ARRPreloadConfig                     0x08004d4d   Thumb Code    24  stm32f4xx_tim.o(i.TIM_ARRPreloadConfig)
    TIM_ClearITPendingBit                    0x08004d65   Thumb Code     6  stm32f4xx_tim.o(i.TIM_ClearITPendingBit)
    TIM_Cmd                                  0x08004d6b   Thumb Code    24  stm32f4xx_tim.o(i.TIM_Cmd)
    TIM_CtrlPWMOutputs                       0x08004d83   Thumb Code    30  stm32f4xx_tim.o(i.TIM_CtrlPWMOutputs)
    TIM_DeInit                               0x08004da1   Thumb Code   346  stm32f4xx_tim.o(i.TIM_DeInit)
    TIM_GetITStatus                          0x08004f31   Thumb Code    34  stm32f4xx_tim.o(i.TIM_GetITStatus)
    TIM_OC1Init                              0x08004f55   Thumb Code   114  stm32f4xx_tim.o(i.TIM_OC1Init)
    TIM_OC1PreloadConfig                     0x08004fd1   Thumb Code    18  stm32f4xx_tim.o(i.TIM_OC1PreloadConfig)
    TIM_OC2Init                              0x08004fe5   Thumb Code   154  stm32f4xx_tim.o(i.TIM_OC2Init)
    TIM_OC2PreloadConfig                     0x08005089   Thumb Code    26  stm32f4xx_tim.o(i.TIM_OC2PreloadConfig)
    TIM_OC3Init                              0x080050a5   Thumb Code   150  stm32f4xx_tim.o(i.TIM_OC3Init)
    TIM_OC3PreloadConfig                     0x08005145   Thumb Code    18  stm32f4xx_tim.o(i.TIM_OC3PreloadConfig)
    TIM_OC4Init                              0x08005159   Thumb Code   112  stm32f4xx_tim.o(i.TIM_OC4Init)
    TIM_OC4PreloadConfig                     0x080051d1   Thumb Code    26  stm32f4xx_tim.o(i.TIM_OC4PreloadConfig)
    TIM_PrescalerConfig                      0x080051eb   Thumb Code     6  stm32f4xx_tim.o(i.TIM_PrescalerConfig)
    TIM_SelectInputTrigger                   0x080051f1   Thumb Code    18  stm32f4xx_tim.o(i.TIM_SelectInputTrigger)
    TIM_SelectMasterSlaveMode                0x08005203   Thumb Code    18  stm32f4xx_tim.o(i.TIM_SelectMasterSlaveMode)
    TIM_SelectOutputTrigger                  0x08005215   Thumb Code    18  stm32f4xx_tim.o(i.TIM_SelectOutputTrigger)
    TIM_SelectSlaveMode                      0x08005227   Thumb Code    18  stm32f4xx_tim.o(i.TIM_SelectSlaveMode)
    TIM_SetAutoreload                        0x08005239   Thumb Code     4  stm32f4xx_tim.o(i.TIM_SetAutoreload)
    TIM_SetCompare4                          0x0800523d   Thumb Code     4  stm32f4xx_tim.o(i.TIM_SetCompare4)
    TIM_TimeBaseInit                         0x08005241   Thumb Code   104  stm32f4xx_tim.o(i.TIM_TimeBaseInit)
    UsageFault_Handler                       0x080052c5   Thumb Code     4  stm32f4xx_it.o(i.UsageFault_Handler)
    bsp_ConfigTimGpio                        0x080052c9   Thumb Code   150  bsp_tim_pwm.o(i.bsp_ConfigTimGpio)
    bsp_GetAFofTIM                           0x08005375   Thumb Code   144  bsp_tim_pwm.o(i.bsp_GetAFofTIM)
    bsp_GetPinSource                         0x08005431   Thumb Code   146  bsp_tim_pwm.o(i.bsp_GetPinSource)
    bsp_GetRCCofGPIO                         0x080054c5   Thumb Code    94  bsp_tim_pwm.o(i.bsp_GetRCCofGPIO)
    bsp_GetRCCofTIM                          0x08005549   Thumb Code   150  bsp_tim_pwm.o(i.bsp_GetRCCofTIM)
    bsp_SetTIMOutPWM                         0x08005615   Thumb Code   226  bsp_tim_pwm.o(i.bsp_SetTIMOutPWM)
    delay_init                               0x08005701   Thumb Code    52  delay.o(i.delay_init)
    delay_ms                                 0x0800573d   Thumb Code    56  delay.o(i.delay_ms)
    delay_us                                 0x08005775   Thumb Code    72  delay.o(i.delay_us)
    delay_xms                                0x080057c1   Thumb Code    72  delay.o(i.delay_xms)
    main                                     0x0800580d   Thumb Code   152  main.o(i.main)
    sin_Generation1                          0x080058a5   Thumb Code   158  dac.o(i.sin_Generation1)
    sin_Generation2                          0x0800594d   Thumb Code   100  dac.o(i.sin_Generation2)
    _fp_init                                 0x080059b5   Thumb Code    10  fpinit.o(x$fpl$fpinit)
    __fplib_config_fpu_vfp                   0x080059bd   Thumb Code     0  fpinit.o(x$fpl$fpinit)
    __fplib_config_pureend_doubles           0x080059bd   Thumb Code     0  fpinit.o(x$fpl$fpinit)
    F6x8                                     0x080059be   Data         552  lcd.o(.constdata)
    gImage_LOGO                              0x08005be6   Data       90856  tft_lcd.o(.constdata)
    gImage_LASER                             0x0801bece   Data        5400  tft_lcd.o(.constdata)
    gImage_POWER                             0x0801d3e6   Data        5700  tft_lcd.o(.constdata)
    gImage_PULSE                             0x0801ea2a   Data        5400  tft_lcd.o(.constdata)
    gImage_RED                               0x0801ff42   Data        3600  tft_lcd.o(.constdata)
    gImage_MODE                              0x08020d52   Data        5400  tft_lcd.o(.constdata)
    gImage_WIDTH                             0x0802226a   Data        5700  tft_lcd.o(.constdata)
    gImage_ON                                0x080238ae   Data        2700  tft_lcd.o(.constdata)
    gImage_OFF                               0x0802433a   Data        3240  tft_lcd.o(.constdata)
    gImage_Char                              0x08024fe2   Data       13380  tft_lcd.o(.constdata)
    Region$$Table$$Base                      0x08028428   Number         0  anon$$obj.o(Region$$Table)
    Region$$Table$$Limit                     0x08028448   Number         0  anon$$obj.o(Region$$Table)
    ADNum                                    0x20000000   Data           1  main.o(.data)
    Pulse                                    0x20000002   Data           2  main.o(.data)
    Sine_Fre1                                0x20000004   Data           2  main.o(.data)
    Sine_Amp1                                0x20000006   Data           2  main.o(.data)
    Sine_Fre2                                0x20000008   Data           2  main.o(.data)
    Sine_Amp2                                0x2000000a   Data           2  main.o(.data)
    K1_Flag                                  0x2000000c   Data           1  main.o(.data)
    K2_Flag                                  0x2000000d   Data           1  main.o(.data)
    K3_Flag                                  0x2000000e   Data           1  main.o(.data)
    Relay_Flag                               0x2000000f   Data           1  main.o(.data)
    S19_Flag                                 0x20000010   Data           1  main.o(.data)
    ADNumt                                   0x20000011   Data           1  main.o(.data)
    Pulset                                   0x20000012   Data           2  main.o(.data)
    Sine_Fre1t                               0x20000014   Data           2  main.o(.data)
    Sine_Amp1t                               0x20000016   Data           2  main.o(.data)
    Sine_Fre2t                               0x20000018   Data           2  main.o(.data)
    Sine_Amp2t                               0x2000001a   Data           2  main.o(.data)
    Sine_FreNum1                             0x2000001c   Data           2  main.o(.data)
    Sine_FreNum2                             0x2000001e   Data           2  main.o(.data)
    K1_Flagt                                 0x20000020   Data           1  main.o(.data)
    K2_Flagt                                 0x20000021   Data           1  main.o(.data)
    K3_Flagt                                 0x20000022   Data           1  main.o(.data)
    Relay_Flagt                              0x20000023   Data           1  main.o(.data)
    tableSize1                               0x20000024   Data           2  main.o(.data)
    tableSize2                               0x20000026   Data           2  main.o(.data)
    PulseNum                                 0x20000028   Data           2  main.o(.data)
    VoltageValue                             0x2000002a   Data           2  main.o(.data)
    ADV                                      0x2000002c   Data           2  main.o(.data)
    FreqNuma                                 0x2000002e   Data           2  main.o(.data)
    Flag                                     0x20000034   Data           1  dac.o(.data)
    POINT_COLOR                              0x20000036   Data           2  tft_lcd.o(.data)
    BACK_COLOR                               0x20000038   Data           2  tft_lcd.o(.data)
    sinTable1                                0x2000003c   Data        2000  dac.o(.bss)
    sinTable                                 0x2000080c   Data        2000  dac.o(.bss)
    sinTable2                                0x20000fdc   Data        2000  dac.o(.bss)
    lcddev                                   0x200017ac   Data          14  tft_lcd.o(.bss)
    __libspace_start                         0x200017bc   Data          96  libspace.o(.bss)
    __temporary_stack_top$libspace           0x2000181c   Data           0  libspace.o(.bss)



==============================================================================

Memory Map of the image

  Image Entry point : 0x08000189

  Load Region LR_IROM1 (Base: 0x08000000, Size: 0x00028484, Max: 0x00100000, ABSOLUTE)

    Execution Region ER_IROM1 (Base: 0x08000000, Size: 0x00028448, Max: 0x00100000, ABSOLUTE)

    Base Addr    Size         Type   Attr      Idx    E Section Name        Object

    0x08000000   0x00000188   Data   RO          410    RESET               startup_stm32f40_41xxx.o
    0x08000188   0x00000008   Code   RO         2921  * !!!main             c_w.l(__main.o)
    0x08000190   0x00000034   Code   RO         3095    !!!scatter          c_w.l(__scatter.o)
    0x080001c4   0x0000001a   Code   RO         3097    !!handler_copy      c_w.l(__scatter_copy.o)
    0x080001de   0x00000002   PAD
    0x080001e0   0x0000001c   Code   RO         3099    !!handler_zi        c_w.l(__scatter_zi.o)
    0x080001fc   0x00000002   Code   RO         2965    .ARM.Collect$$libinit$$00000000  c_w.l(libinit.o)
    0x080001fe   0x00000004   Code   RO         2971    .ARM.Collect$$libinit$$00000001  c_w.l(libinit2.o)
    0x08000202   0x00000000   Code   RO         2974    .ARM.Collect$$libinit$$00000004  c_w.l(libinit2.o)
    0x08000202   0x00000000   Code   RO         2977    .ARM.Collect$$libinit$$0000000A  c_w.l(libinit2.o)
    0x08000202   0x00000000   Code   RO         2979    .ARM.Collect$$libinit$$0000000C  c_w.l(libinit2.o)
    0x08000202   0x00000000   Code   RO         2981    .ARM.Collect$$libinit$$0000000E  c_w.l(libinit2.o)
    0x08000202   0x00000000   Code   RO         2984    .ARM.Collect$$libinit$$00000011  c_w.l(libinit2.o)
    0x08000202   0x00000000   Code   RO         2986    .ARM.Collect$$libinit$$00000013  c_w.l(libinit2.o)
    0x08000202   0x00000000   Code   RO         2988    .ARM.Collect$$libinit$$00000015  c_w.l(libinit2.o)
    0x08000202   0x00000000   Code   RO         2990    .ARM.Collect$$libinit$$00000017  c_w.l(libinit2.o)
    0x08000202   0x00000000   Code   RO         2992    .ARM.Collect$$libinit$$00000019  c_w.l(libinit2.o)
    0x08000202   0x00000000   Code   RO         2994    .ARM.Collect$$libinit$$0000001B  c_w.l(libinit2.o)
    0x08000202   0x00000000   Code   RO         2996    .ARM.Collect$$libinit$$0000001D  c_w.l(libinit2.o)
    0x08000202   0x00000000   Code   RO         2998    .ARM.Collect$$libinit$$0000001F  c_w.l(libinit2.o)
    0x08000202   0x00000000   Code   RO         3000    .ARM.Collect$$libinit$$00000021  c_w.l(libinit2.o)
    0x08000202   0x00000000   Code   RO         3002    .ARM.Collect$$libinit$$00000023  c_w.l(libinit2.o)
    0x08000202   0x00000000   Code   RO         3004    .ARM.Collect$$libinit$$00000025  c_w.l(libinit2.o)
    0x08000202   0x00000000   Code   RO         3008    .ARM.Collect$$libinit$$0000002C  c_w.l(libinit2.o)
    0x08000202   0x00000000   Code   RO         3010    .ARM.Collect$$libinit$$0000002E  c_w.l(libinit2.o)
    0x08000202   0x00000000   Code   RO         3012    .ARM.Collect$$libinit$$00000030  c_w.l(libinit2.o)
    0x08000202   0x00000000   Code   RO         3014    .ARM.Collect$$libinit$$00000032  c_w.l(libinit2.o)
    0x08000202   0x00000002   Code   RO         3015    .ARM.Collect$$libinit$$00000033  c_w.l(libinit2.o)
    0x08000204   0x00000002   Code   RO         3035    .ARM.Collect$$libshutdown$$00000000  c_w.l(libshutdown.o)
    0x08000206   0x00000000   Code   RO         3048    .ARM.Collect$$libshutdown$$00000002  c_w.l(libshutdown2.o)
    0x08000206   0x00000000   Code   RO         3050    .ARM.Collect$$libshutdown$$00000004  c_w.l(libshutdown2.o)
    0x08000206   0x00000000   Code   RO         3053    .ARM.Collect$$libshutdown$$00000007  c_w.l(libshutdown2.o)
    0x08000206   0x00000000   Code   RO         3056    .ARM.Collect$$libshutdown$$0000000A  c_w.l(libshutdown2.o)
    0x08000206   0x00000000   Code   RO         3058    .ARM.Collect$$libshutdown$$0000000C  c_w.l(libshutdown2.o)
    0x08000206   0x00000000   Code   RO         3061    .ARM.Collect$$libshutdown$$0000000F  c_w.l(libshutdown2.o)
    0x08000206   0x00000002   Code   RO         3062    .ARM.Collect$$libshutdown$$00000010  c_w.l(libshutdown2.o)
    0x08000208   0x00000000   Code   RO         2935    .ARM.Collect$$rtentry$$00000000  c_w.l(__rtentry.o)
    0x08000208   0x00000000   Code   RO         2942    .ARM.Collect$$rtentry$$00000002  c_w.l(__rtentry2.o)
    0x08000208   0x00000006   Code   RO         2954    .ARM.Collect$$rtentry$$00000004  c_w.l(__rtentry4.o)
    0x0800020e   0x00000000   Code   RO         2944    .ARM.Collect$$rtentry$$00000009  c_w.l(__rtentry2.o)
    0x0800020e   0x00000004   Code   RO         2945    .ARM.Collect$$rtentry$$0000000A  c_w.l(__rtentry2.o)
    0x08000212   0x00000000   Code   RO         2947    .ARM.Collect$$rtentry$$0000000C  c_w.l(__rtentry2.o)
    0x08000212   0x00000008   Code   RO         2948    .ARM.Collect$$rtentry$$0000000D  c_w.l(__rtentry2.o)
    0x0800021a   0x00000002   Code   RO         2969    .ARM.Collect$$rtexit$$00000000  c_w.l(rtexit.o)
    0x0800021c   0x00000000   Code   RO         3017    .ARM.Collect$$rtexit$$00000002  c_w.l(rtexit2.o)
    0x0800021c   0x00000004   Code   RO         3018    .ARM.Collect$$rtexit$$00000003  c_w.l(rtexit2.o)
    0x08000220   0x00000006   Code   RO         3019    .ARM.Collect$$rtexit$$00000004  c_w.l(rtexit2.o)
    0x08000226   0x00000002   PAD
    0x08000228   0x00000040   Code   RO          411    .text               startup_stm32f40_41xxx.o
    0x08000268   0x00000006   Code   RO         2919    .text               c_w.l(heapauxi.o)
    0x0800026e   0x0000004a   Code   RO         2956    .text               c_w.l(sys_stackheap_outer.o)
    0x080002b8   0x00000012   Code   RO         2958    .text               c_w.l(exit.o)
    0x080002ca   0x00000002   PAD
    0x080002cc   0x00000008   Code   RO         2966    .text               c_w.l(libspace.o)
    0x080002d4   0x0000000c   Code   RO         3027    .text               c_w.l(sys_exit.o)
    0x080002e0   0x00000002   Code   RO         3038    .text               c_w.l(use_no_semi.o)
    0x080002e2   0x00000000   Code   RO         3040    .text               c_w.l(indicate_semi.o)
    0x080002e2   0x00000002   PAD
    0x080002e4   0x00000030   Code   RO            3    i.AD_Scan           main.o
    0x08000314   0x00000048   Code   RO         2112    i.AT24C02_GPIO_Init  at24c02.o
    0x0800035c   0x00000058   Code   RO         2113    i.AT24C02_IIC_Ack   at24c02.o
    0x080003b4   0x0000004c   Code   RO         2114    i.AT24C02_IIC_NAck  at24c02.o
    0x08000400   0x00000058   Code   RO         2115    i.AT24C02_IIC_Start  at24c02.o
    0x08000458   0x00000058   Code   RO         2116    i.AT24C02_IIC_Stop  at24c02.o
    0x080004b0   0x0000006c   Code   RO         2117    i.AT24C02_IIC_Wait_Ack  at24c02.o
    0x0800051c   0x00000008   Code   RO         2118    i.AT24C02_Init      at24c02.o
    0x08000524   0x0000003a   Code   RO         2120    i.AT24C02_ReadOneByte  at24c02.o
    0x0800055e   0x00000002   PAD
    0x08000560   0x00000070   Code   RO         2121    i.AT24C02_Read_Byte  at24c02.o
    0x080005d0   0x00000074   Code   RO         2122    i.AT24C02_Send_Byte  at24c02.o
    0x08000644   0x00000040   Code   RO         2124    i.AT24C02_WriteOneByte  at24c02.o
    0x08000684   0x00000004   Code   RO          212    i.BusFault_Handler  stm32f4xx_it.o
    0x08000688   0x00000028   Code   RO         1013    i.DAC_Cmd           stm32f4xx_dac.o
    0x080006b0   0x0000002c   Code   RO         1014    i.DAC_DMACmd        stm32f4xx_dac.o
    0x080006dc   0x000000a0   Code   RO         2509    i.DAC_DMA_Configuration1  dac.o
    0x0800077c   0x000000c4   Code   RO         2510    i.DAC_DMA_Configuration2  dac.o
    0x08000840   0x00000034   Code   RO         1021    i.DAC_Init          stm32f4xx_dac.o
    0x08000874   0x00000016   Code   RO         1129    i.DMA_Cmd           stm32f4xx_dma.o
    0x0800088a   0x00000002   PAD
    0x0800088c   0x00000158   Code   RO         1130    i.DMA_DeInit        stm32f4xx_dma.o
    0x080009e4   0x00000058   Code   RO         1141    i.DMA_Init          stm32f4xx_dma.o
    0x08000a3c   0x00000002   Code   RO          213    i.DebugMon_Handler  stm32f4xx_it.o
    0x08000a3e   0x00000002   PAD
    0x08000a40   0x000000a8   Code   RO         2438    i.EXTI15_10_IRQHandler  gpio_init.o
    0x08000ae8   0x000000a8   Code   RO         2439    i.EXTI1_IRQHandler  gpio_init.o
    0x08000b90   0x000000a4   Code   RO         2440    i.EXTI2_IRQHandler  gpio_init.o
    0x08000c34   0x00000070   Code   RO         2441    i.EXTI3_IRQHandler  gpio_init.o
    0x08000ca4   0x000000a8   Code   RO         2442    i.EXTI4_IRQHandler  gpio_init.o
    0x08000d4c   0x000000a8   Code   RO         2443    i.EXTI9_5_IRQHandler  gpio_init.o
    0x08000df4   0x0000000c   Code   RO          950    i.EXTI_ClearITPendingBit  stm32f4xx_exti.o
    0x08000e00   0x00000018   Code   RO          954    i.EXTI_GetITStatus  stm32f4xx_exti.o
    0x08000e18   0x00000094   Code   RO          955    i.EXTI_Init         stm32f4xx_exti.o
    0x08000eac   0x00000034   Code   RO         1992    i.FSMC_NORSRAMCmd   stm32f4xx_fsmc.o
    0x08000ee0   0x000000e6   Code   RO         1994    i.FSMC_NORSRAMInit  stm32f4xx_fsmc.o
    0x08000fc6   0x00000090   Code   RO          462    i.GPIO_Init         stm32f4xx_gpio.o
    0x08001056   0x00000046   Code   RO          463    i.GPIO_PinAFConfig  stm32f4xx_gpio.o
    0x0800109c   0x00000004   Code   RO          469    i.GPIO_ResetBits    stm32f4xx_gpio.o
    0x080010a0   0x00000004   Code   RO          470    i.GPIO_SetBits      stm32f4xx_gpio.o
    0x080010a4   0x00000478   Code   RO         2444    i.Gpio_Init         gpio_init.o
    0x0800151c   0x00000004   Code   RO          214    i.HardFault_Handler  stm32f4xx_it.o
    0x08001520   0x00000084   Code   RO            4    i.K1_Scan           main.o
    0x080015a4   0x00000068   Code   RO            5    i.K2_Scan           main.o
    0x0800160c   0x000000dc   Code   RO            6    i.K3_Scan           main.o
    0x080016e8   0x000002e8   Code   RO         2214    i.LCD_Display       lcd.o
    0x080019d0   0x0000003a   Code   RO         2215    i.LCD_Fill          lcd.o
    0x08001a0a   0x00000002   PAD
    0x08001a0c   0x00000108   Code   RO         2216    i.LCD_Init          lcd.o
    0x08001b14   0x00000028   Code   RO         2218    i.LCD_Set_Pos       lcd.o
    0x08001b3c   0x0000013c   Code   RO         2219    i.LCD_ShowADNum     lcd.o
    0x08001c78   0x00000098   Code   RO         2220    i.LCD_ShowLaser     lcd.o
    0x08001d10   0x00000044   Code   RO         2221    i.LCD_ShowMode      lcd.o
    0x08001d54   0x00000140   Code   RO         2223    i.LCD_ShowPulse     lcd.o
    0x08001e94   0x00000098   Code   RO         2224    i.LCD_ShowRed       lcd.o
    0x08001f2c   0x000001c4   Code   RO         2225    i.LCD_ShowSine1     lcd.o
    0x080020f0   0x000001c4   Code   RO         2226    i.LCD_ShowSine2     lcd.o
    0x080022b4   0x00000044   Code   RO         2227    i.LCD_ShowWarning   lcd.o
    0x080022f8   0x0000008c   Code   RO         2229    i.LCD_WrCmd         lcd.o
    0x08002384   0x0000008c   Code   RO         2230    i.LCD_WrDat         lcd.o
    0x08002410   0x00000004   Code   RO          215    i.MemManage_Handler  stm32f4xx_it.o
    0x08002414   0x00000002   Code   RO          216    i.NMI_Handler       stm32f4xx_it.o
    0x08002416   0x00000002   PAD
    0x08002418   0x00000078   Code   RO          417    i.NVIC_Init         misc.o
    0x08002490   0x00000014   Code   RO          418    i.NVIC_PriorityGroupConfig  misc.o
    0x080024a4   0x00000002   Code   RO          217    i.PendSV_Handler    stm32f4xx_it.o
    0x080024a6   0x00000002   PAD
    0x080024a8   0x0000005c   Code   RO            7    i.Pulse_Scan        main.o
    0x08002504   0x00000020   Code   RO          559    i.RCC_AHB1PeriphClockCmd  stm32f4xx_rcc.o
    0x08002524   0x00000020   Code   RO          565    i.RCC_AHB3PeriphClockCmd  stm32f4xx_rcc.o
    0x08002544   0x00000020   Code   RO          568    i.RCC_APB1PeriphClockCmd  stm32f4xx_rcc.o
    0x08002564   0x00000020   Code   RO          570    i.RCC_APB1PeriphResetCmd  stm32f4xx_rcc.o
    0x08002584   0x00000020   Code   RO          571    i.RCC_APB2PeriphClockCmd  stm32f4xx_rcc.o
    0x080025a4   0x00000020   Code   RO          573    i.RCC_APB2PeriphResetCmd  stm32f4xx_rcc.o
    0x080025c4   0x00000060   Code   RO            8    i.Realys_Scan       main.o
    0x08002624   0x00000002   Code   RO          218    i.SVC_Handler       stm32f4xx_it.o
    0x08002626   0x00000002   PAD
    0x08002628   0x00000040   Code   RO          896    i.SYSCFG_EXTILineConfig  stm32f4xx_syscfg.o
    0x08002668   0x000000c4   Code   RO         2445    i.SetAD             gpio_init.o
    0x0800272c   0x00000012   Code   RO         2231    i.SetAddressingMode  lcd.o
    0x0800273e   0x00000012   Code   RO         2232    i.SetContrastControl  lcd.o
    0x08002750   0x0000000e   Code   RO         2233    i.SetStartLine      lcd.o
    0x0800275e   0x00000002   PAD
    0x08002760   0x000000ec   Code   RO          309    i.SetSysClock       system_stm32f4xx.o
    0x0800284c   0x00000014   Code   RO         2234    i.Set_Charge_Pump   lcd.o
    0x08002860   0x00000014   Code   RO         2235    i.Set_Common_Config  lcd.o
    0x08002874   0x0000000e   Code   RO         2236    i.Set_Common_Remap  lcd.o
    0x08002882   0x00000012   Code   RO         2237    i.Set_Display_Clock  lcd.o
    0x08002894   0x00000012   Code   RO         2238    i.Set_Display_Offset  lcd.o
    0x080028a6   0x0000000e   Code   RO         2239    i.Set_Display_On_Off  lcd.o
    0x080028b4   0x0000000e   Code   RO         2240    i.Set_Entire_Display  lcd.o
    0x080028c2   0x0000000e   Code   RO         2241    i.Set_Inverse_Display  lcd.o
    0x080028d0   0x00000012   Code   RO         2242    i.Set_Multiplex_Ratio  lcd.o
    0x080028e2   0x00000012   Code   RO         2243    i.Set_Precharge_Period  lcd.o
    0x080028f4   0x0000000e   Code   RO         2244    i.Set_Segment_Remap  lcd.o
    0x08002902   0x00000012   Code   RO         2245    i.Set_VCOMH         lcd.o
    0x08002914   0x0000003c   Code   RO         2613    i.ShowLine          tft_lcd.o
    0x08002950   0x0000009c   Code   RO            9    i.Sine1_Scan        main.o
    0x080029ec   0x0000007c   Code   RO           10    i.Sine2_Scan        main.o
    0x08002a68   0x0000039c   Code   RO           11    i.StartInit         main.o
    0x08002e04   0x00000028   Code   RO          421    i.SysTick_CLKSourceConfig  misc.o
    0x08002e2c   0x00000002   Code   RO          219    i.SysTick_Handler   stm32f4xx_it.o
    0x08002e2e   0x00000002   PAD
    0x08002e30   0x00000068   Code   RO          311    i.SystemInit        system_stm32f4xx.o
    0x08002e98   0x00000034   Code   RO         2614    i.TFT_LCD_Clear     tft_lcd.o
    0x08002ecc   0x0000005c   Code   RO         2617    i.TFT_LCD_Display_Dir  tft_lcd.o
    0x08002f28   0x000011fc   Code   RO         2620    i.TFT_LCD_Init      tft_lcd.o
    0x08004124   0x00000014   Code   RO         2621    i.TFT_LCD_RD_DATA   tft_lcd.o
    0x08004138   0x00000016   Code   RO         2622    i.TFT_LCD_ReadReg   tft_lcd.o
    0x0800414e   0x00000002   PAD
    0x08004150   0x0000013c   Code   RO         2624    i.TFT_LCD_Scan_Dir  tft_lcd.o
    0x0800428c   0x0000004c   Code   RO         2625    i.TFT_LCD_SetCursor  tft_lcd.o
    0x080042d8   0x000000e0   Code   RO         2627    i.TFT_LCD_ShowADNum  tft_lcd.o
    0x080043b8   0x00000158   Code   RO         2628    i.TFT_LCD_ShowChar  tft_lcd.o
    0x08004510   0x0000007c   Code   RO         2629    i.TFT_LCD_ShowLASER  tft_lcd.o
    0x0800458c   0x00000028   Code   RO         2630    i.TFT_LCD_ShowLaserValue  tft_lcd.o
    0x080045b4   0x0000008c   Code   RO         2631    i.TFT_LCD_ShowLogo  tft_lcd.o
    0x08004640   0x0000007c   Code   RO         2632    i.TFT_LCD_ShowMODE  tft_lcd.o
    0x080046bc   0x0000002c   Code   RO         2633    i.TFT_LCD_ShowModeValue  tft_lcd.o
    0x080046e8   0x0000009c   Code   RO         2634    i.TFT_LCD_ShowOFF   tft_lcd.o
    0x08004784   0x00000094   Code   RO         2635    i.TFT_LCD_ShowON    tft_lcd.o
    0x08004818   0x0000007c   Code   RO         2636    i.TFT_LCD_ShowPOWER  tft_lcd.o
    0x08004894   0x0000007c   Code   RO         2637    i.TFT_LCD_ShowPULSE  tft_lcd.o
    0x08004910   0x0000008a   Code   RO         2638    i.TFT_LCD_ShowPulseValue  tft_lcd.o
    0x0800499a   0x00000002   PAD
    0x0800499c   0x00000080   Code   RO         2639    i.TFT_LCD_ShowRED   tft_lcd.o
    0x08004a1c   0x00000024   Code   RO         2640    i.TFT_LCD_ShowRedValue  tft_lcd.o
    0x08004a40   0x0000007c   Code   RO         2641    i.TFT_LCD_ShowWIDTH  tft_lcd.o
    0x08004abc   0x0000009c   Code   RO         2642    i.TFT_LCD_ShowWidthValue  tft_lcd.o
    0x08004b58   0x00000018   Code   RO         2643    i.TFT_LCD_WR_DATA   tft_lcd.o
    0x08004b70   0x00000018   Code   RO         2644    i.TFT_LCD_WR_REG    tft_lcd.o
    0x08004b88   0x00000014   Code   RO         2646    i.TFT_LCD_WriteRAM_Prepare  tft_lcd.o
    0x08004b9c   0x00000014   Code   RO         2647    i.TFT_LCD_WriteReg  tft_lcd.o
    0x08004bb0   0x000000f8   Code   RO         2516    i.TIM2_Configuration  dac.o
    0x08004ca8   0x00000070   Code   RO         2517    i.TIM3_IRQHandler   dac.o
    0x08004d18   0x00000034   Code   RO         2519    i.TIM7_Configuration  dac.o
    0x08004d4c   0x00000018   Code   RO         1259    i.TIM_ARRPreloadConfig  stm32f4xx_tim.o
    0x08004d64   0x00000006   Code   RO         1266    i.TIM_ClearITPendingBit  stm32f4xx_tim.o
    0x08004d6a   0x00000018   Code   RO         1271    i.TIM_Cmd           stm32f4xx_tim.o
    0x08004d82   0x0000001e   Code   RO         1273    i.TIM_CtrlPWMOutputs  stm32f4xx_tim.o
    0x08004da0   0x00000190   Code   RO         1276    i.TIM_DeInit        stm32f4xx_tim.o
    0x08004f30   0x00000022   Code   RO         1292    i.TIM_GetITStatus   stm32f4xx_tim.o
    0x08004f52   0x00000002   PAD
    0x08004f54   0x0000007c   Code   RO         1300    i.TIM_OC1Init       stm32f4xx_tim.o
    0x08004fd0   0x00000012   Code   RO         1303    i.TIM_OC1PreloadConfig  stm32f4xx_tim.o
    0x08004fe2   0x00000002   PAD
    0x08004fe4   0x000000a4   Code   RO         1305    i.TIM_OC2Init       stm32f4xx_tim.o
    0x08005088   0x0000001a   Code   RO         1308    i.TIM_OC2PreloadConfig  stm32f4xx_tim.o
    0x080050a2   0x00000002   PAD
    0x080050a4   0x000000a0   Code   RO         1310    i.TIM_OC3Init       stm32f4xx_tim.o
    0x08005144   0x00000012   Code   RO         1313    i.TIM_OC3PreloadConfig  stm32f4xx_tim.o
    0x08005156   0x00000002   PAD
    0x08005158   0x00000078   Code   RO         1315    i.TIM_OC4Init       stm32f4xx_tim.o
    0x080051d0   0x0000001a   Code   RO         1317    i.TIM_OC4PreloadConfig  stm32f4xx_tim.o
    0x080051ea   0x00000006   Code   RO         1320    i.TIM_PrescalerConfig  stm32f4xx_tim.o
    0x080051f0   0x00000012   Code   RO         1325    i.TIM_SelectInputTrigger  stm32f4xx_tim.o
    0x08005202   0x00000012   Code   RO         1326    i.TIM_SelectMasterSlaveMode  stm32f4xx_tim.o
    0x08005214   0x00000012   Code   RO         1329    i.TIM_SelectOutputTrigger  stm32f4xx_tim.o
    0x08005226   0x00000012   Code   RO         1330    i.TIM_SelectSlaveMode  stm32f4xx_tim.o
    0x08005238   0x00000004   Code   RO         1331    i.TIM_SetAutoreload  stm32f4xx_tim.o
    0x0800523c   0x00000004   Code   RO         1336    i.TIM_SetCompare4   stm32f4xx_tim.o
    0x08005240   0x00000084   Code   RO         1343    i.TIM_TimeBaseInit  stm32f4xx_tim.o
    0x080052c4   0x00000004   Code   RO          220    i.UsageFault_Handler  stm32f4xx_it.o
    0x080052c8   0x000000ac   Code   RO         2849    i.bsp_ConfigTimGpio  bsp_tim_pwm.o
    0x08005374   0x000000bc   Code   RO         2850    i.bsp_GetAFofTIM    bsp_tim_pwm.o
    0x08005430   0x00000092   Code   RO         2851    i.bsp_GetPinSource  bsp_tim_pwm.o
    0x080054c2   0x00000002   PAD
    0x080054c4   0x00000084   Code   RO         2852    i.bsp_GetRCCofGPIO  bsp_tim_pwm.o
    0x08005548   0x000000cc   Code   RO         2853    i.bsp_GetRCCofTIM   bsp_tim_pwm.o
    0x08005614   0x000000ec   Code   RO         2854    i.bsp_SetTIMOutPWM  bsp_tim_pwm.o
    0x08005700   0x0000003c   Code   RO          346    i.delay_init        delay.o
    0x0800573c   0x00000038   Code   RO          347    i.delay_ms          delay.o
    0x08005774   0x0000004c   Code   RO          348    i.delay_us          delay.o
    0x080057c0   0x0000004c   Code   RO          349    i.delay_xms         delay.o
    0x0800580c   0x00000098   Code   RO           12    i.main              main.o
    0x080058a4   0x000000a8   Code   RO         2520    i.sin_Generation1   dac.o
    0x0800594c   0x00000068   Code   RO         2521    i.sin_Generation2   dac.o
    0x080059b4   0x0000000a   Code   RO         3025    x$fpl$fpinit        fz_wm.l(fpinit.o)
    0x080059be   0x00000228   Data   RO         2247    .constdata          lcd.o
    0x08005be6   0x00022840   Data   RO         2649    .constdata          tft_lcd.o
    0x08028426   0x00000002   PAD
    0x08028428   0x00000020   Data   RO         3093    Region$$Table       anon$$obj.o


    Execution Region RW_IRAM1 (Base: 0x20000000, Size: 0x00001e20, Max: 0x00020000, ABSOLUTE)

    Base Addr    Size         Type   Attr      Idx    E Section Name        Object

    0x20000000   0x00000030   Data   RW           13    .data               main.o
    0x20000030   0x00000004   Data   RW          350    .data               delay.o
    0x20000034   0x00000001   Data   RW         2523    .data               dac.o
    0x20000035   0x00000001   PAD
    0x20000036   0x00000004   Data   RW         2650    .data               tft_lcd.o
    0x2000003a   0x00000002   PAD
    0x2000003c   0x00001770   Zero   RW         2522    .bss                dac.o
    0x200017ac   0x0000000e   Zero   RW         2648    .bss                tft_lcd.o
    0x200017ba   0x00000002   PAD
    0x200017bc   0x00000060   Zero   RW         2967    .bss                c_w.l(libspace.o)
    0x2000181c   0x00000004   PAD
    0x20001820   0x00000200   Zero   RW          409    HEAP                startup_stm32f40_41xxx.o
    0x20001a20   0x00000400   Zero   RW          408    STACK               startup_stm32f40_41xxx.o


==============================================================================

Image component sizes


      Code (inc. data)   RO Data    RW Data    ZI Data      Debug   Object Name

       878        100          0          0          0       6807   at24c02.o
      1078        168          0          0          0       5112   bsp_tim_pwm.o
      1040         76          0          1       6000       5704   dac.o
       268         16          0          4          0       2515   delay.o
      2288        120          0          0          0       5648   gpio_init.o
      3616        130        552          0          0      20383   lcd.o
      2048        288          0         48          0     295262   main.o
       180         24          0          0          0       2069   misc.o
        64         26        392          0       1536        832   startup_stm32f40_41xxx.o
       136         18          0          0          0       2374   stm32f4xx_dac.o
       454         26          0          0          0       3074   stm32f4xx_dma.o
       184         16          0          0          0       2092   stm32f4xx_exti.o
       282          6          0          0          0       1813   stm32f4xx_fsmc.o
       222          0          0          0          0       2875   stm32f4xx_gpio.o
        26          0          0          0          0       4202   stm32f4xx_it.o
       192         36          0          0          0       3534   stm32f4xx_rcc.o
        64          4          0          0          0        652   stm32f4xx_syscfg.o
      1392        120          0          0          0      14449   stm32f4xx_tim.o
       340         32          0          0          0       1529   system_stm32f4xx.o
      7504        210     141376          4         14      24592   tft_lcd.o

    ----------------------------------------------------------------------
     22288       1416     142354         60       7552     405518   Object Totals
         0          0         32          0          0          0   (incl. Generated)
        32          0          2          3          2          0   (incl. Padding)

    ----------------------------------------------------------------------

      Code (inc. data)   RO Data    RW Data    ZI Data      Debug   Library Member Name

         8          0          0          0          0         68   __main.o
         0          0          0          0          0          0   __rtentry.o
        12          0          0          0          0          0   __rtentry2.o
         6          0          0          0          0          0   __rtentry4.o
        52          8          0          0          0          0   __scatter.o
        26          0          0          0          0          0   __scatter_copy.o
        28          0          0          0          0          0   __scatter_zi.o
        18          0          0          0          0         80   exit.o
         6          0          0          0          0        152   heapauxi.o
         0          0          0          0          0          0   indicate_semi.o
         2          0          0          0          0          0   libinit.o
         6          0          0          0          0          0   libinit2.o
         2          0          0          0          0          0   libshutdown.o
         2          0          0          0          0          0   libshutdown2.o
         8          4          0          0         96         68   libspace.o
         2          0          0          0          0          0   rtexit.o
        10          0          0          0          0          0   rtexit2.o
        12          4          0          0          0         68   sys_exit.o
        74          0          0          0          0         80   sys_stackheap_outer.o
         2          0          0          0          0         68   use_no_semi.o
        10          0          0          0          0        116   fpinit.o

    ----------------------------------------------------------------------
       294         16          0          0        100        700   Library Totals
         8          0          0          0          4          0   (incl. Padding)

    ----------------------------------------------------------------------

      Code (inc. data)   RO Data    RW Data    ZI Data      Debug   Library Name

       276         16          0          0         96        584   c_w.l
        10          0          0          0          0        116   fz_wm.l

    ----------------------------------------------------------------------
       294         16          0          0        100        700   Library Totals

    ----------------------------------------------------------------------

==============================================================================


      Code (inc. data)   RO Data    RW Data    ZI Data      Debug   

     22582       1432     142354         60       7652     390662   Grand Totals
     22582       1432     142354         60       7652     390662   ELF Image Totals
     22582       1432     142354         60          0          0   ROM Totals

==============================================================================

    Total RO  Size (Code + RO Data)               164936 ( 161.07kB)
    Total RW  Size (RW Data + ZI Data)              7712 (   7.53kB)
    Total ROM Size (Code + RO Data + RW Data)     164996 ( 161.13kB)

==============================================================================

